  console.log
    [WEATHER_TRUTH] Stage: seriesFrameMint | TraceID: 102fc659 | Product: series_GFS_waves_h0 | Status: OK

      at recordTruthStage (src/components/map/weatherTruthTracker.js:353:13)

FAIL src/components/map/marineGlobalPrewarm.seriesReuse.test.js
  × reuses exact-hour GFS world series through the actual controller cache (42 ms)
  × reuses exact-hour ICON world series through the actual controller cache (2 ms)
  × reuses exact-hour EURO world series through the actual controller cache (4 ms)
  × settled exact-hour steps reuse the warm page without per-hour global grids (2 ms)
  √ an old h0 frame cannot populate requested h1 cache or seed (1 ms)
  √ an old h0 frame cannot populate requested h3 cache or seed (2 ms)
  √ does not relabel a same-offset frame with earlier valid time (1 ms)
  √ does not relabel a same-offset frame with earlier served time (1 ms)
  √ does not relabel a same-offset frame with missing valid time (1 ms)
  √ does not relabel a same-offset frame with invalid valid time (1 ms)
  √ does not relabel a same-offset frame with substituted frame (1 ms)
  √ does not reuse a world series with different model identity (1 ms)
  √ does not reuse a world series with different layer identity (1 ms)
  √ does not reuse a world series with different flavor identity (1 ms)
  √ same relative hour from an earlier timeline base does not become the new valid time (2 ms)
  √ a regional series frame cannot replace the world bridge seed (1 ms)
  √ a warm controller result remains preferred over the series alternative (3 ms)
  √ a cold miss leaves target-time resolution to the ordinary grid fetch (1 ms)

  ● reuses exact-hour GFS world series through the actual controller cache

    expect(received).toHaveLength(expected)

    Expected length: 0
    Received length: 1
    Received array:  [["/api/weather/grid?model=GFS&domain=marine&layer=waves&valid_time=2026-09-20T03:00:00.000Z&bbox=-180,-80,180,85", {"signal": undefined}]]

      66 |   prewarmGlobalMarineGrid(model, 3, COAST, 'waves');
      67 |   await flush();
    > 68 |   expect(gridRequests()).toHaveLength(0);
         |                          ^
      69 |   const cached = getModelSafeMarine(model, 3, 'waves', WORLD);
      70 |   expect(cached).toBe(source);
      71 |   expect(cached.grid.hourOffset).toBe(3);

      at src/components/map/marineGlobalPrewarm.seriesReuse.test.js:68:26

  ● reuses exact-hour ICON world series through the actual controller cache

    expect(received).toHaveLength(expected)

    Expected length: 0
    Received length: 1
    Received array:  [["/api/weather/grid?model=ICON&domain=marine&layer=waves&valid_time=2026-09-20T03:00:00.000Z&bbox=-180,-80,180,85", {"signal": undefined}]]

      66 |   prewarmGlobalMarineGrid(model, 3, COAST, 'waves');
      67 |   await flush();
    > 68 |   expect(gridRequests()).toHaveLength(0);
         |                          ^
      69 |   const cached = getModelSafeMarine(model, 3, 'waves', WORLD);
      70 |   expect(cached).toBe(source);
      71 |   expect(cached.grid.hourOffset).toBe(3);

      at src/components/map/marineGlobalPrewarm.seriesReuse.test.js:68:26

  ● reuses exact-hour EURO world series through the actual controller cache

    expect(received).toBe(expected) // Object.is equality

    Expected: {"__fromSeries": true, "__provider": "open-meteo", "__renderable": true, "__sourceModel": "EURO", "features": [], "grid": {"__componentLayer": "waves", "__fromSeries": true, "__gridProvider": "open-meteo", "__gridSupportsLayer": true, "__renderable": true, "__sourceDataset": "copernicus_cmems", "__sourceModel": "EURO", "__upstreamProvider": null, "bounds": {"east": 180, "north": 85, "south": -80, "west": -180}, "cols": 2, "frame_offset_hours": 0, "frame_substituted": false, "hourOffset": 3, "ingested_at": null, "is_dynamic_viewport_product": true, "is_estimated": false, "model_run_time": "2026-09-20T00:00:00Z", "model_run_time_status": "verified", "provider": "open-meteo", "ratingMode": false, "rows": 2, "served_valid_time": "2026-09-20T03:00:00Z", "truthTag": {"boundsHash": "2b559ec2", "build": "dev", "cols": 2, "coverage_scope": undefined, "createdAt": "2026-09-20T20:31:41.173Z", "dataHash": "f6307c5d", "domain": "marine", "forecastLeadHours": null, "grid_product_id": "series_EURO_waves_h3", "ingested_at": null, "invalidCount": 0, "is_dynamic_viewport_product": true, "layer": "waves", "maxSpeed": 2, "minSpeed": 2, "model": "EURO", "model_run_time": null, "model_run_time_status": "verified", "nonzeroCount": 1, "product_id": "series_EURO_waves_h3", "provider": "open-meteo", "requested_bbox": undefined, "rows": 2, "served_bbox": "-180.00,-80.00,180.00,85.00", "sourceStage": "seriesFrameMint", "timeOffsetHours": 3, "traceId": "a2c87cc3", "upstream_model": undefined, "validZeroCount": 0, "valid_time": "2026-09-20T03:00:00Z", "vectorCount": 1}, "valid_time": "2026-09-20T03:00:00Z", "vectors": [{"direction": 0, "lat": 28, "lng": -80, "period": 8, "speed": 2, "u": 0, "v": -1}]}, "hourOffset": 3, "ingested_at": null, "is_dynamic_viewport_product": true, "model_run_time": "2026-09-20T00:00:00Z", "model_run_time_status": "verified", "product_id": "series_EURO_waves_h3", "region_id": "series", "run_time": undefined, "truthTag": {"boundsHash": "2b559ec2", "build": "dev", "cols": 2, "coverage_scope": undefined, "createdAt": "2026-09-20T20:31:41.173Z", "dataHash": "f6307c5d", "domain": "marine", "forecastLeadHours": null, "grid_product_id": "series_EURO_waves_h3", "ingested_at": null, "invalidCount": 0, "is_dynamic_viewport_product": true, "layer": "waves", "maxSpeed": 2, "minSpeed": 2, "model": "EURO", "model_run_time": null, "model_run_time_status": "verified", "nonzeroCount": 1, "product_id": "series_EURO_waves_h3", "provider": "open-meteo", "requested_bbox": undefined, "rows": 2, "served_bbox": "-180.00,-80.00,180.00,85.00", "sourceStage": "seriesFrameMint", "timeOffsetHours": 3, "traceId": "a2c87cc3", "upstream_model": undefined, "validZeroCount": 0, "valid_time": "2026-09-20T03:00:00Z", "vectorCount": 1}, "type": "FeatureCollection", "valid_time": "2026-09-20T03:00:00Z"}
    Received: null

      68 |   expect(gridRequests()).toHaveLength(0);
      69 |   const cached = getModelSafeMarine(model, 3, 'waves', WORLD);
    > 70 |   expect(cached).toBe(source);
         |                  ^
      71 |   expect(cached.grid.hourOffset).toBe(3);
      72 |   expect(cached.grid.valid_time).toBe('2026-09-20T03:00:00Z');
      73 |   expect(cached.grid.model_run_time).toBe('2026-09-20T00:00:00Z');

      at src/components/map/marineGlobalPrewarm.seriesReuse.test.js:70:18

  ● settled exact-hour steps reuse the warm page without per-hour global grids

    expect(received).toBe(expected) // Object.is equality

    Expected: 0
    Received: undefined

      80 |     prewarmGlobalMarineGrid('GFS', hour, COAST, 'waves');
      81 |     await flush();
    > 82 |     expect(getModelSafeMarine('GFS', hour, 'waves', WORLD)?.grid.hourOffset).toBe(hour);
         |                                                                              ^
      83 |   }
      84 |   expect(global.fetch).not.toHaveBeenCalled();
      85 | });

      at Object.<anonymous> (src/components/map/marineGlobalPrewarm.seriesReuse.test.js:82:78)

Test Suites: 1 failed, 1 total
Tests:       4 failed, 14 passed, 18 total
Snapshots:   0 total
Time:        1.421 s
Ran all test suites matching /marineGlobalPrewarm.seriesReuse.test.js/i.
