  console.log
    [WEATHER_TRUTH] Stage: seriesFrameMint | TraceID: 102fc659 | Product: series_GFS_waves_h0 | Status: OK

      at recordTruthStage (src/components/map/weatherTruthTracker.js:353:13)

  console.log
    [WEATHER_TRUTH] Stage: cacheRead | TraceID: 102fc659 | Product: series_GFS_waves_h0 | Status: OK

      at recordTruthStage (src/components/map/weatherTruthTracker.js:353:13)

FAIL src/components/map/marineGlobalPrewarm.seriesReuse.test.js
  √ reuses exact-hour GFS world series through the actual controller cache (40 ms)
  √ reuses exact-hour ICON world series through the actual controller cache (3 ms)
  √ reuses exact-hour EURO world series through the actual controller cache (5 ms)
  √ settled exact-hour steps reuse the warm page without per-hour global grids (5 ms)
  × an old h0 frame cannot populate requested h1 cache or seed (3 ms)
  √ an old h0 frame cannot populate requested h3 cache or seed (4 ms)
  × does not relabel a same-offset frame with earlier valid time (2 ms)
  × does not relabel a same-offset frame with earlier served time (2 ms)
  × does not relabel a same-offset frame with missing valid time (2 ms)
  × does not relabel a same-offset frame with invalid valid time (2 ms)
  × does not relabel a same-offset frame with substituted frame (1 ms)
  √ does not reuse a world series with different model identity (2 ms)
  √ does not reuse a world series with different layer identity (1 ms)
  √ does not reuse a world series with different flavor identity (1 ms)
  × same relative hour from an earlier timeline base does not become the new valid time (1 ms)
  √ a regional series frame cannot replace the world bridge seed (1 ms)
  √ a warm controller result remains preferred over the series alternative (2 ms)
  √ a cold miss leaves target-time resolution to the ordinary grid fetch (1 ms)

  ● an old h0 frame cannot populate requested h1 cache or seed

    expect(received).toHaveLength(expected)

    Expected length: 1
    Received length: 0
    Received array:  []

      89 |   prewarmGlobalMarineGrid('GFS', hour, COAST, 'waves');
      90 |   await flush();
    > 91 |   expect(gridRequests()).toHaveLength(1);
         |                          ^
      92 |   expect(getModelSafeMarine('GFS', hour, 'waves', WORLD)).toBeNull();
      93 |   expect(window.__MARINE_ENGINE__._pendingCoarseBaseGrid).toBeUndefined();
      94 | });

      at src/components/map/marineGlobalPrewarm.seriesReuse.test.js:91:26

  ● does not relabel a same-offset frame with earlier valid time

    expect(received).toHaveLength(expected)

    Expected length: 1
    Received length: 0
    Received array:  []

      104 |   prewarmGlobalMarineGrid('GFS', 3, COAST, 'waves');
      105 |   await flush();
    > 106 |   expect(gridRequests()).toHaveLength(1);
          |                          ^
      107 |   expect(getModelSafeMarine('GFS', 3, 'waves', WORLD)).toBeNull();
      108 |   expect(window.__MARINE_ENGINE__._pendingCoarseBaseGrid).toBeUndefined();
      109 | });

      at src/components/map/marineGlobalPrewarm.seriesReuse.test.js:106:26

  ● does not relabel a same-offset frame with earlier served time

    expect(received).toHaveLength(expected)

    Expected length: 1
    Received length: 0
    Received array:  []

      104 |   prewarmGlobalMarineGrid('GFS', 3, COAST, 'waves');
      105 |   await flush();
    > 106 |   expect(gridRequests()).toHaveLength(1);
          |                          ^
      107 |   expect(getModelSafeMarine('GFS', 3, 'waves', WORLD)).toBeNull();
      108 |   expect(window.__MARINE_ENGINE__._pendingCoarseBaseGrid).toBeUndefined();
      109 | });

      at src/components/map/marineGlobalPrewarm.seriesReuse.test.js:106:26

  ● does not relabel a same-offset frame with missing valid time

    expect(received).toHaveLength(expected)

    Expected length: 1
    Received length: 0
    Received array:  []

      104 |   prewarmGlobalMarineGrid('GFS', 3, COAST, 'waves');
      105 |   await flush();
    > 106 |   expect(gridRequests()).toHaveLength(1);
          |                          ^
      107 |   expect(getModelSafeMarine('GFS', 3, 'waves', WORLD)).toBeNull();
      108 |   expect(window.__MARINE_ENGINE__._pendingCoarseBaseGrid).toBeUndefined();
      109 | });

      at src/components/map/marineGlobalPrewarm.seriesReuse.test.js:106:26

  ● does not relabel a same-offset frame with invalid valid time

    expect(received).toHaveLength(expected)

    Expected length: 1
    Received length: 0
    Received array:  []

      104 |   prewarmGlobalMarineGrid('GFS', 3, COAST, 'waves');
      105 |   await flush();
    > 106 |   expect(gridRequests()).toHaveLength(1);
          |                          ^
      107 |   expect(getModelSafeMarine('GFS', 3, 'waves', WORLD)).toBeNull();
      108 |   expect(window.__MARINE_ENGINE__._pendingCoarseBaseGrid).toBeUndefined();
      109 | });

      at src/components/map/marineGlobalPrewarm.seriesReuse.test.js:106:26

  ● does not relabel a same-offset frame with substituted frame

    expect(received).toHaveLength(expected)

    Expected length: 1
    Received length: 0
    Received array:  []

      104 |   prewarmGlobalMarineGrid('GFS', 3, COAST, 'waves');
      105 |   await flush();
    > 106 |   expect(gridRequests()).toHaveLength(1);
          |                          ^
      107 |   expect(getModelSafeMarine('GFS', 3, 'waves', WORLD)).toBeNull();
      108 |   expect(window.__MARINE_ENGINE__._pendingCoarseBaseGrid).toBeUndefined();
      109 | });

      at src/components/map/marineGlobalPrewarm.seriesReuse.test.js:106:26

  ● same relative hour from an earlier timeline base does not become the new valid time

    expect(received).toHaveLength(expected)

    Expected length: 1
    Received length: 0
    Received array:  []

      129 |   prewarmGlobalMarineGrid('GFS', 3, COAST, 'waves');
      130 |   await flush();
    > 131 |   expect(gridRequests()).toHaveLength(1);
          |                          ^
      132 |   expect(getModelSafeMarine('GFS', 3, 'waves', WORLD)).toBeNull();
      133 |   expect(window.__MARINE_ENGINE__._pendingCoarseBaseGrid).toBeUndefined();
      134 | });

      at Object.<anonymous> (src/components/map/marineGlobalPrewarm.seriesReuse.test.js:131:26)

Test Suites: 1 failed, 1 total
Tests:       7 failed, 11 passed, 18 total
Snapshots:   0 total
Time:        2.154 s, estimated 3 s
Ran all test suites matching /marineGlobalPrewarm.seriesReuse.test.js/i.
