UNKNOWN STEP	﻿2026-09-20T03:44:59.3032783Z Current runner version: '2.337.0'
UNKNOWN STEP	2026-09-20T03:44:59.3056798Z ##[group]Runner Image Provisioner
UNKNOWN STEP	2026-09-20T03:44:59.3057755Z Hosted Compute Agent
UNKNOWN STEP	2026-09-20T03:44:59.3058352Z Version: 20260828.587
UNKNOWN STEP	2026-09-20T03:44:59.3059039Z Commit: abac92662cab4cc7352de4f9f9d2e2419aad9c29
UNKNOWN STEP	2026-09-20T03:44:59.3059841Z Build Date: 2026-08-28T16:44:25Z
UNKNOWN STEP	2026-09-20T03:44:59.3060573Z Worker ID: {51d81ca1-e95a-4fbb-b63c-f3f67a2f1573}
UNKNOWN STEP	2026-09-20T03:44:59.3061338Z Azure Region: westus
UNKNOWN STEP	2026-09-20T03:44:59.3062112Z ##[endgroup]
UNKNOWN STEP	2026-09-20T03:44:59.3063577Z ##[group]Operating System
UNKNOWN STEP	2026-09-20T03:44:59.3064449Z Ubuntu
UNKNOWN STEP	2026-09-20T03:44:59.3065000Z 24.04.5
UNKNOWN STEP	2026-09-20T03:44:59.3065620Z LTS
UNKNOWN STEP	2026-09-20T03:44:59.3066197Z ##[endgroup]
UNKNOWN STEP	2026-09-20T03:44:59.3066751Z ##[group]Runner Image
UNKNOWN STEP	2026-09-20T03:44:59.3067446Z Image: ubuntu-24.04
UNKNOWN STEP	2026-09-20T03:44:59.3068037Z Version: 20260907.300.1
UNKNOWN STEP	2026-09-20T03:44:59.3069354Z Included Software: https://github.com/actions/runner-images/blob/ubuntu24/20260907.300/images/ubuntu/Ubuntu2404-Readme.md
UNKNOWN STEP	2026-09-20T03:44:59.3070918Z Image Release: https://github.com/actions/runner-images/releases/tag/ubuntu24%2F20260907.300
UNKNOWN STEP	2026-09-20T03:44:59.3072227Z ##[endgroup]
UNKNOWN STEP	2026-09-20T03:44:59.3073404Z ##[group]GITHUB_TOKEN Permissions
UNKNOWN STEP	2026-09-20T03:44:59.3075321Z Contents: read
UNKNOWN STEP	2026-09-20T03:44:59.3075939Z Metadata: read
UNKNOWN STEP	2026-09-20T03:44:59.3076652Z Packages: read
UNKNOWN STEP	2026-09-20T03:44:59.3077320Z ##[endgroup]
UNKNOWN STEP	2026-09-20T03:44:59.3079342Z Secret source: Actions
UNKNOWN STEP	2026-09-20T03:44:59.3080370Z Cache mode: write
UNKNOWN STEP	2026-09-20T03:44:59.3081081Z Prepare workflow directory
UNKNOWN STEP	2026-09-20T03:44:59.3409853Z Prepare all required actions
UNKNOWN STEP	2026-09-20T03:44:59.3481827Z Getting action download info
UNKNOWN STEP	2026-09-20T03:44:59.7283456Z Download action repository 'actions/checkout@v5' (SHA:fbc6f3992d24b796d5a048ff273f7fcc4a7b6c09)
UNKNOWN STEP	2026-09-20T03:44:59.8662704Z Download action repository 'actions/setup-node@v5' (SHA:a0853c24544627f65ddf259abe73b1d18a591444)
UNKNOWN STEP	2026-09-20T03:45:00.0979314Z Complete job name: frontend-marine-composition-guards
UNKNOWN STEP	2026-09-20T03:45:00.1725935Z ##[group]Run actions/checkout@v5
UNKNOWN STEP	2026-09-20T03:45:00.1726813Z with:
UNKNOWN STEP	2026-09-20T03:45:00.1727362Z   repository: dpritzker0905-cmd/Raw-Surf-Antigravity
UNKNOWN STEP	2026-09-20T03:45:00.1731342Z   token: ***
UNKNOWN STEP	2026-09-20T03:45:00.1731991Z   ssh-strict: true
UNKNOWN STEP	2026-09-20T03:45:00.1732439Z   ssh-user: git
UNKNOWN STEP	2026-09-20T03:45:00.1732883Z   persist-credentials: true
UNKNOWN STEP	2026-09-20T03:45:00.1733377Z   clean: true
UNKNOWN STEP	2026-09-20T03:45:00.1733876Z   sparse-checkout-cone-mode: true
UNKNOWN STEP	2026-09-20T03:45:00.1734396Z   fetch-depth: 1
UNKNOWN STEP	2026-09-20T03:45:00.1734821Z   fetch-tags: false
UNKNOWN STEP	2026-09-20T03:45:00.1735264Z   show-progress: true
UNKNOWN STEP	2026-09-20T03:45:00.1735737Z   lfs: false
UNKNOWN STEP	2026-09-20T03:45:00.1736200Z   submodules: false
UNKNOWN STEP	2026-09-20T03:45:00.1736678Z   set-safe-directory: true
UNKNOWN STEP	2026-09-20T03:45:00.1737189Z   allow-unsafe-pr-checkout: false
UNKNOWN STEP	2026-09-20T03:45:00.1737964Z ##[endgroup]
UNKNOWN STEP	2026-09-20T03:45:00.2740107Z Syncing repository: dpritzker0905-cmd/Raw-Surf-Antigravity
UNKNOWN STEP	2026-09-20T03:45:00.2743147Z ##[group]Getting Git version info
UNKNOWN STEP	2026-09-20T03:45:00.2744549Z Working directory is '/home/runner/work/Raw-Surf-Antigravity/Raw-Surf-Antigravity'
UNKNOWN STEP	2026-09-20T03:45:00.2746448Z [command]/usr/bin/git version
UNKNOWN STEP	2026-09-20T03:45:00.2854555Z git version 2.55.0
UNKNOWN STEP	2026-09-20T03:45:00.2893109Z ##[endgroup]
UNKNOWN STEP	2026-09-20T03:45:00.2901234Z Temporarily overriding HOME='/home/runner/work/_temp/86fdd50f-2e40-477d-8aeb-d55bbc37abb8' before making global git config changes
UNKNOWN STEP	2026-09-20T03:45:00.2903967Z Adding repository directory to the temporary git global config as a safe directory
UNKNOWN STEP	2026-09-20T03:45:00.2907445Z [command]/usr/bin/git config --global --add safe.directory /home/runner/work/Raw-Surf-Antigravity/Raw-Surf-Antigravity
UNKNOWN STEP	2026-09-20T03:45:00.2963328Z Deleting the contents of '/home/runner/work/Raw-Surf-Antigravity/Raw-Surf-Antigravity'
UNKNOWN STEP	2026-09-20T03:45:00.2968548Z ##[group]Initializing the repository
UNKNOWN STEP	2026-09-20T03:45:00.2974243Z [command]/usr/bin/git init /home/runner/work/Raw-Surf-Antigravity/Raw-Surf-Antigravity
UNKNOWN STEP	2026-09-20T03:45:00.3089486Z hint: Using 'master' as the name for the initial branch. This default branch name
UNKNOWN STEP	2026-09-20T03:45:00.3091973Z hint: will change to "main" in Git 3.0. To configure the initial branch name
UNKNOWN STEP	2026-09-20T03:45:00.3094992Z hint: to use in all of your new repositories, which will suppress this warning,
UNKNOWN STEP	2026-09-20T03:45:00.3096065Z hint: call:
UNKNOWN STEP	2026-09-20T03:45:00.3096652Z hint:
UNKNOWN STEP	2026-09-20T03:45:00.3097234Z hint: 	git config --global init.defaultBranch <name>
UNKNOWN STEP	2026-09-20T03:45:00.3097988Z hint:
UNKNOWN STEP	2026-09-20T03:45:00.3098994Z hint: Names commonly chosen instead of 'master' are 'main', 'trunk' and
UNKNOWN STEP	2026-09-20T03:45:00.3100280Z hint: 'development'. The just-created branch can be renamed via this command:
UNKNOWN STEP	2026-09-20T03:45:00.3101019Z hint:
UNKNOWN STEP	2026-09-20T03:45:00.3101679Z hint: 	git branch -m <name>
UNKNOWN STEP	2026-09-20T03:45:00.3102245Z hint:
UNKNOWN STEP	2026-09-20T03:45:00.3102904Z hint: Disable this message with "git config set advice.defaultBranchName false"
UNKNOWN STEP	2026-09-20T03:45:00.3104775Z Initialized empty Git repository in /home/runner/work/Raw-Surf-Antigravity/Raw-Surf-Antigravity/.git/
UNKNOWN STEP	2026-09-20T03:45:00.3106854Z [command]/usr/bin/git remote add origin https://github.com/dpritzker0905-cmd/Raw-Surf-Antigravity
UNKNOWN STEP	2026-09-20T03:45:00.3153466Z ##[endgroup]
UNKNOWN STEP	2026-09-20T03:45:00.3154264Z ##[group]Disabling automatic garbage collection
UNKNOWN STEP	2026-09-20T03:45:00.3157824Z [command]/usr/bin/git config --local gc.auto 0
UNKNOWN STEP	2026-09-20T03:45:00.3189302Z ##[endgroup]
UNKNOWN STEP	2026-09-20T03:45:00.3190209Z ##[group]Setting up auth
UNKNOWN STEP	2026-09-20T03:45:00.3197363Z [command]/usr/bin/git config --local --name-only --get-regexp core\.sshCommand
UNKNOWN STEP	2026-09-20T03:45:00.3230219Z [command]/usr/bin/git submodule foreach --recursive sh -c "git config --local --name-only --get-regexp 'core\.sshCommand' && git config --local --unset-all 'core.sshCommand' || :"
UNKNOWN STEP	2026-09-20T03:45:00.3600281Z [command]/usr/bin/git config --local --name-only --get-regexp http\.https\:\/\/github\.com\/\.extraheader
UNKNOWN STEP	2026-09-20T03:45:00.3640118Z [command]/usr/bin/git submodule foreach --recursive sh -c "git config --local --name-only --get-regexp 'http\.https\:\/\/github\.com\/\.extraheader' && git config --local --unset-all 'http.https://github.com/.extraheader' || :"
UNKNOWN STEP	2026-09-20T03:45:00.3904850Z [command]/usr/bin/git config --local --name-only --get-regexp ^includeIf\.gitdir:
UNKNOWN STEP	2026-09-20T03:45:00.3948404Z [command]/usr/bin/git submodule foreach --recursive git config --local --show-origin --name-only --get-regexp remote.origin.url
UNKNOWN STEP	2026-09-20T03:45:00.4207571Z [command]/usr/bin/git config --local http.https://github.com/.extraheader [REDACTED] ***
UNKNOWN STEP	2026-09-20T03:45:00.4248203Z ##[endgroup]
UNKNOWN STEP	2026-09-20T03:45:00.4249133Z ##[group]Fetching the repository
UNKNOWN STEP	2026-09-20T03:45:00.4259144Z [command]/usr/bin/git -c protocol.version=2 fetch --no-tags --prune --no-recurse-submodules --depth=1 origin +21feff6f3b4b225191120201cca9cc0f0157d54c:refs/remotes/pull/47/merge
UNKNOWN STEP	2026-09-20T03:45:11.6534681Z From https://github.com/dpritzker0905-cmd/Raw-Surf-Antigravity
UNKNOWN STEP	2026-09-20T03:45:11.6537205Z  * [new ref]         21feff6f3b4b225191120201cca9cc0f0157d54c -> pull/47/merge
UNKNOWN STEP	2026-09-20T03:45:11.6542113Z ##[endgroup]
UNKNOWN STEP	2026-09-20T03:45:11.6543660Z ##[group]Determining the checkout info
UNKNOWN STEP	2026-09-20T03:45:11.6545174Z ##[endgroup]
UNKNOWN STEP	2026-09-20T03:45:11.6547146Z [command]/usr/bin/git sparse-checkout disable
UNKNOWN STEP	2026-09-20T03:45:11.6600492Z [command]/usr/bin/git config --local --unset-all extensions.worktreeConfig
UNKNOWN STEP	2026-09-20T03:45:11.6639875Z ##[group]Checking out the ref
UNKNOWN STEP	2026-09-20T03:45:11.6643447Z [command]/usr/bin/git checkout --progress --force refs/remotes/pull/47/merge
UNKNOWN STEP	2026-09-20T03:45:12.6833150Z Updating files:  48% (2156/4430)
UNKNOWN STEP	2026-09-20T03:45:12.6881058Z Updating files:  49% (2171/4430)
UNKNOWN STEP	2026-09-20T03:45:12.6935138Z Updating files:  50% (2215/4430)
UNKNOWN STEP	2026-09-20T03:45:12.6987302Z Updating files:  51% (2260/4430)
UNKNOWN STEP	2026-09-20T03:45:12.7034752Z Updating files:  52% (2304/4430)
UNKNOWN STEP	2026-09-20T03:45:12.7079015Z Updating files:  53% (2348/4430)
UNKNOWN STEP	2026-09-20T03:45:12.7263235Z Updating files:  54% (2393/4430)
UNKNOWN STEP	2026-09-20T03:45:12.7430522Z Updating files:  55% (2437/4430)
UNKNOWN STEP	2026-09-20T03:45:12.7469686Z Updating files:  56% (2481/4430)
UNKNOWN STEP	2026-09-20T03:45:12.7508368Z Updating files:  57% (2526/4430)
UNKNOWN STEP	2026-09-20T03:45:12.7533112Z Updating files:  58% (2570/4430)
UNKNOWN STEP	2026-09-20T03:45:12.7805394Z Updating files:  59% (2614/4430)
UNKNOWN STEP	2026-09-20T03:45:12.7845899Z Updating files:  60% (2658/4430)
UNKNOWN STEP	2026-09-20T03:45:12.7888304Z Updating files:  61% (2703/4430)
UNKNOWN STEP	2026-09-20T03:45:12.7932478Z Updating files:  62% (2747/4430)
UNKNOWN STEP	2026-09-20T03:45:12.7975247Z Updating files:  63% (2791/4430)
UNKNOWN STEP	2026-09-20T03:45:12.8013171Z Updating files:  64% (2836/4430)
UNKNOWN STEP	2026-09-20T03:45:12.8048435Z Updating files:  65% (2880/4430)
UNKNOWN STEP	2026-09-20T03:45:12.8080046Z Updating files:  66% (2924/4430)
UNKNOWN STEP	2026-09-20T03:45:12.8117786Z Updating files:  67% (2969/4430)
UNKNOWN STEP	2026-09-20T03:45:12.8159658Z Updating files:  68% (3013/4430)
UNKNOWN STEP	2026-09-20T03:45:12.8207645Z Updating files:  69% (3057/4430)
UNKNOWN STEP	2026-09-20T03:45:12.8244569Z Updating files:  70% (3101/4430)
UNKNOWN STEP	2026-09-20T03:45:12.8282731Z Updating files:  71% (3146/4430)
UNKNOWN STEP	2026-09-20T03:45:12.8317799Z Updating files:  72% (3190/4430)
UNKNOWN STEP	2026-09-20T03:45:12.8354870Z Updating files:  73% (3234/4430)
UNKNOWN STEP	2026-09-20T03:45:12.8390471Z Updating files:  74% (3279/4430)
UNKNOWN STEP	2026-09-20T03:45:12.8422463Z Updating files:  75% (3323/4430)
UNKNOWN STEP	2026-09-20T03:45:12.8454662Z Updating files:  76% (3367/4430)
UNKNOWN STEP	2026-09-20T03:45:12.8474778Z Updating files:  77% (3412/4430)
UNKNOWN STEP	2026-09-20T03:45:12.8500491Z Updating files:  78% (3456/4430)
UNKNOWN STEP	2026-09-20T03:45:12.8532262Z Updating files:  79% (3500/4430)
UNKNOWN STEP	2026-09-20T03:45:12.8559986Z Updating files:  80% (3544/4430)
UNKNOWN STEP	2026-09-20T03:45:12.8588774Z Updating files:  81% (3589/4430)
UNKNOWN STEP	2026-09-20T03:45:12.8616005Z Updating files:  82% (3633/4430)
UNKNOWN STEP	2026-09-20T03:45:12.8744673Z Updating files:  83% (3677/4430)
UNKNOWN STEP	2026-09-20T03:45:12.8807717Z Updating files:  84% (3722/4430)
UNKNOWN STEP	2026-09-20T03:45:12.9074692Z Updating files:  85% (3766/4430)
UNKNOWN STEP	2026-09-20T03:45:12.9138930Z Updating files:  86% (3810/4430)
UNKNOWN STEP	2026-09-20T03:45:12.9168249Z Updating files:  87% (3855/4430)
UNKNOWN STEP	2026-09-20T03:45:12.9572082Z Updating files:  88% (3899/4430)
UNKNOWN STEP	2026-09-20T03:45:12.9595744Z Updating files:  89% (3943/4430)
UNKNOWN STEP	2026-09-20T03:45:12.9620695Z Updating files:  90% (3987/4430)
UNKNOWN STEP	2026-09-20T03:45:12.9647620Z Updating files:  91% (4032/4430)
UNKNOWN STEP	2026-09-20T03:45:12.9673925Z Updating files:  92% (4076/4430)
UNKNOWN STEP	2026-09-20T03:45:12.9699994Z Updating files:  93% (4120/4430)
UNKNOWN STEP	2026-09-20T03:45:12.9727131Z Updating files:  94% (4165/4430)
UNKNOWN STEP	2026-09-20T03:45:12.9748419Z Updating files:  95% (4209/4430)
UNKNOWN STEP	2026-09-20T03:45:12.9767633Z Updating files:  96% (4253/4430)
UNKNOWN STEP	2026-09-20T03:45:12.9788720Z Updating files:  97% (4298/4430)
UNKNOWN STEP	2026-09-20T03:45:12.9808342Z Updating files:  98% (4342/4430)
UNKNOWN STEP	2026-09-20T03:45:12.9967614Z Updating files:  99% (4386/4430)
UNKNOWN STEP	2026-09-20T03:45:12.9968600Z Updating files: 100% (4430/4430)
UNKNOWN STEP	2026-09-20T03:45:12.9969252Z Updating files: 100% (4430/4430), done.
UNKNOWN STEP	2026-09-20T03:45:13.0013366Z Note: switching to 'refs/remotes/pull/47/merge'.
UNKNOWN STEP	2026-09-20T03:45:13.0013689Z 
UNKNOWN STEP	2026-09-20T03:45:13.0013942Z You are in 'detached HEAD' state. You can look around, make experimental
UNKNOWN STEP	2026-09-20T03:45:13.0014997Z changes and commit them, and you can discard any commits you make in this
UNKNOWN STEP	2026-09-20T03:45:13.0016005Z state without impacting any branches by switching back to a branch.
UNKNOWN STEP	2026-09-20T03:45:13.0016555Z 
UNKNOWN STEP	2026-09-20T03:45:13.0016945Z If you want to create a new branch to retain commits you create, you may
UNKNOWN STEP	2026-09-20T03:45:13.0017840Z do so (now or later) by using -c with the switch command. Example:
UNKNOWN STEP	2026-09-20T03:45:13.0018320Z 
UNKNOWN STEP	2026-09-20T03:45:13.0018544Z   git switch -c <new-branch-name>
UNKNOWN STEP	2026-09-20T03:45:13.0018874Z 
UNKNOWN STEP	2026-09-20T03:45:13.0019088Z Or undo this operation with:
UNKNOWN STEP	2026-09-20T03:45:13.0019414Z 
UNKNOWN STEP	2026-09-20T03:45:13.0019598Z   git switch -
UNKNOWN STEP	2026-09-20T03:45:13.0019839Z 
UNKNOWN STEP	2026-09-20T03:45:13.0020245Z Turn off this advice by setting config variable advice.detachedHead to false
UNKNOWN STEP	2026-09-20T03:45:13.0020798Z 
UNKNOWN STEP	2026-09-20T03:45:13.0021673Z HEAD is now at 21feff6 Merge d82032f5cd5978967622721b8c9638da36a87f7d into 607af934e74fa87f3b8e58698ef68fdce919ea54
UNKNOWN STEP	2026-09-20T03:45:13.0096465Z ##[endgroup]
UNKNOWN STEP	2026-09-20T03:45:13.0152332Z [command]/usr/bin/git log -1 --format=%H
UNKNOWN STEP	2026-09-20T03:45:13.0186880Z 21feff6f3b4b225191120201cca9cc0f0157d54c
UNKNOWN STEP	2026-09-20T03:45:13.0528811Z ##[group]Run actions/setup-node@v5
UNKNOWN STEP	2026-09-20T03:45:13.0529121Z with:
UNKNOWN STEP	2026-09-20T03:45:13.0529322Z   node-version: 18.20.2
UNKNOWN STEP	2026-09-20T03:45:13.0529541Z   cache: npm
UNKNOWN STEP	2026-09-20T03:45:13.0529799Z   cache-dependency-path: frontend/package-lock.json
UNKNOWN STEP	2026-09-20T03:45:13.0530109Z   always-auth: false
UNKNOWN STEP	2026-09-20T03:45:13.0530317Z   check-latest: false
UNKNOWN STEP	2026-09-20T03:45:13.0533102Z   token: ***
UNKNOWN STEP	2026-09-20T03:45:13.0533333Z   package-manager-cache: true
UNKNOWN STEP	2026-09-20T03:45:13.0533579Z ##[endgroup]
UNKNOWN STEP	2026-09-20T03:45:13.1943214Z Attempting to download 18.20.2...
UNKNOWN STEP	2026-09-20T03:45:13.2049258Z (node:2237) [DEP0040] DeprecationWarning: The `punycode` module is deprecated. Please use a userland alternative instead.
UNKNOWN STEP	2026-09-20T03:45:13.2050218Z (Use `node --trace-deprecation ...` to show where the warning was created)
UNKNOWN STEP	2026-09-20T03:45:13.7845979Z Acquiring 18.20.2 - x64 from https://github.com/actions/node-versions/releases/download/18.20.2-8647739097/node-18.20.2-linux-x64.tar.gz
UNKNOWN STEP	2026-09-20T03:45:15.0351636Z Extracting ...
UNKNOWN STEP	2026-09-20T03:45:15.0489910Z [command]/usr/bin/tar xz --strip 1 --warning=no-unknown-keyword --overwrite -C /home/runner/work/_temp/a35e0e17-0bba-4653-b4c0-9b7c31add5af -f /home/runner/work/_temp/a9465846-9b17-479a-9121-854d8d739d1b
UNKNOWN STEP	2026-09-20T03:45:16.0129423Z Adding to the cache ...
UNKNOWN STEP	2026-09-20T03:45:18.7625463Z ##[group]Environment details
UNKNOWN STEP	2026-09-20T03:45:19.0171885Z node: v18.20.2
UNKNOWN STEP	2026-09-20T03:45:19.0172480Z npm: 10.5.0
UNKNOWN STEP	2026-09-20T03:45:19.0172681Z yarn: 1.22.22
UNKNOWN STEP	2026-09-20T03:45:19.0173143Z ##[endgroup]
UNKNOWN STEP	2026-09-20T03:45:19.0199366Z [command]/opt/hostedtoolcache/node/18.20.2/x64/bin/npm config get cache
UNKNOWN STEP	2026-09-20T03:45:19.2726177Z /home/runner/.npm
UNKNOWN STEP	2026-09-20T03:45:19.5472631Z Cache hit for: node-cache-Linux-x64-npm-795e1029cbf2a200e93a2fe94700929de46e4d56aef910dcf09f19859a52f1a7
UNKNOWN STEP	2026-09-20T03:45:19.5560944Z (node:2237) [DEP0169] DeprecationWarning: `url.parse()` behavior is not standardized and prone to errors that have security implications. Use the WHATWG URL API instead. CVEs are not issued for `url.parse()` vulnerabilities.
UNKNOWN STEP	2026-09-20T03:45:20.8448000Z Received 0 of 109918669 (0.0%), 0.0 MBs/sec
UNKNOWN STEP	2026-09-20T03:45:21.8673261Z Received 109918669 of 109918669 (100.0%), 51.8 MBs/sec
UNKNOWN STEP	2026-09-20T03:45:21.8674175Z Cache Size: ~105 MB (109918669 B)
UNKNOWN STEP	2026-09-20T03:45:21.8815763Z [command]/usr/bin/tar -xf /home/runner/work/_temp/9027c189-8e2b-44d1-b2d1-704e3cb36aee/cache.tzst -P -C /home/runner/work/Raw-Surf-Antigravity/Raw-Surf-Antigravity --use-compress-program unzstd
UNKNOWN STEP	2026-09-20T03:45:22.4691783Z Cache restored successfully
UNKNOWN STEP	2026-09-20T03:45:22.4749576Z Cache restored from key: node-cache-Linux-x64-npm-795e1029cbf2a200e93a2fe94700929de46e4d56aef910dcf09f19859a52f1a7
UNKNOWN STEP	2026-09-20T03:45:22.4939241Z ##[group]Run npm ci
UNKNOWN STEP	2026-09-20T03:45:22.4939584Z ^[[36;1mnpm ci^[[0m
UNKNOWN STEP	2026-09-20T03:45:22.4991302Z shell: /usr/bin/bash -e {0}
UNKNOWN STEP	2026-09-20T03:45:22.4992028Z ##[endgroup]
UNKNOWN STEP	2026-09-20T03:45:23.9373113Z npm WARN EBADENGINE Unsupported engine {
UNKNOWN STEP	2026-09-20T03:45:23.9373815Z npm WARN EBADENGINE   package: 'commander@14.0.3',
UNKNOWN STEP	2026-09-20T03:45:23.9374350Z npm WARN EBADENGINE   required: { node: '>=20' },
UNKNOWN STEP	2026-09-20T03:45:23.9375049Z npm WARN EBADENGINE   current: { node: 'v18.20.2', npm: '10.5.0' }
UNKNOWN STEP	2026-09-20T03:45:23.9375779Z npm WARN EBADENGINE }
UNKNOWN STEP	2026-09-20T03:45:23.9376456Z npm WARN EBADENGINE Unsupported engine {
UNKNOWN STEP	2026-09-20T03:45:23.9377283Z npm WARN EBADENGINE   package: '@supabase/auth-js@2.105.4',
UNKNOWN STEP	2026-09-20T03:45:23.9378113Z npm WARN EBADENGINE   required: { node: '>=20.0.0' },
UNKNOWN STEP	2026-09-20T03:45:23.9378689Z npm WARN EBADENGINE   current: { node: 'v18.20.2', npm: '10.5.0' }
UNKNOWN STEP	2026-09-20T03:45:23.9379149Z npm WARN EBADENGINE }
UNKNOWN STEP	2026-09-20T03:45:23.9381073Z npm WARN EBADENGINE Unsupported engine {
UNKNOWN STEP	2026-09-20T03:45:23.9382132Z npm WARN EBADENGINE   package: '@supabase/functions-js@2.105.4',
UNKNOWN STEP	2026-09-20T03:45:23.9382915Z npm WARN EBADENGINE   required: { node: '>=20.0.0' },
UNKNOWN STEP	2026-09-20T03:45:23.9383498Z npm WARN EBADENGINE   current: { node: 'v18.20.2', npm: '10.5.0' }
UNKNOWN STEP	2026-09-20T03:45:23.9384379Z npm WARN EBADENGINE }
UNKNOWN STEP	2026-09-20T03:45:23.9386250Z npm WARN EBADENGINE Unsupported engine {
UNKNOWN STEP	2026-09-20T03:45:23.9387033Z npm WARN EBADENGINE   package: '@supabase/postgrest-js@2.105.4',
UNKNOWN STEP	2026-09-20T03:45:23.9387822Z npm WARN EBADENGINE   required: { node: '>=20.0.0' },
UNKNOWN STEP	2026-09-20T03:45:23.9388380Z npm WARN EBADENGINE   current: { node: 'v18.20.2', npm: '10.5.0' }
UNKNOWN STEP	2026-09-20T03:45:23.9388766Z npm WARN EBADENGINE }
UNKNOWN STEP	2026-09-20T03:45:23.9390495Z npm WARN EBADENGINE Unsupported engine {
UNKNOWN STEP	2026-09-20T03:45:23.9391259Z npm WARN EBADENGINE   package: '@supabase/realtime-js@2.105.4',
UNKNOWN STEP	2026-09-20T03:45:23.9392241Z npm WARN EBADENGINE   required: { node: '>=20.0.0' },
UNKNOWN STEP	2026-09-20T03:45:23.9392736Z npm WARN EBADENGINE   current: { node: 'v18.20.2', npm: '10.5.0' }
UNKNOWN STEP	2026-09-20T03:45:23.9393118Z npm WARN EBADENGINE }
UNKNOWN STEP	2026-09-20T03:45:23.9393596Z npm WARN EBADENGINE Unsupported engine {
UNKNOWN STEP	2026-09-20T03:45:23.9394380Z npm WARN EBADENGINE   package: '@supabase/storage-js@2.105.4',
UNKNOWN STEP	2026-09-20T03:45:23.9395155Z npm WARN EBADENGINE   required: { node: '>=20.0.0' },
UNKNOWN STEP	2026-09-20T03:45:23.9395843Z npm WARN EBADENGINE   current: { node: 'v18.20.2', npm: '10.5.0' }
UNKNOWN STEP	2026-09-20T03:45:23.9396222Z npm WARN EBADENGINE }
UNKNOWN STEP	2026-09-20T03:45:23.9396832Z npm WARN EBADENGINE Unsupported engine {
UNKNOWN STEP	2026-09-20T03:45:23.9397589Z npm WARN EBADENGINE   package: '@supabase/supabase-js@2.105.4',
UNKNOWN STEP	2026-09-20T03:45:23.9398352Z npm WARN EBADENGINE   required: { node: '>=20.0.0' },
UNKNOWN STEP	2026-09-20T03:45:23.9398960Z npm WARN EBADENGINE   current: { node: 'v18.20.2', npm: '10.5.0' }
UNKNOWN STEP	2026-09-20T03:45:23.9399340Z npm WARN EBADENGINE }
UNKNOWN STEP	2026-09-20T03:45:23.9406612Z npm WARN EBADENGINE Unsupported engine {
UNKNOWN STEP	2026-09-20T03:45:23.9407365Z npm WARN EBADENGINE   package: 'eslint-visitor-keys@5.0.1',
UNKNOWN STEP	2026-09-20T03:45:23.9408243Z npm WARN EBADENGINE   required: { node: '^20.19.0 || ^22.13.0 || >=24' },
UNKNOWN STEP	2026-09-20T03:45:23.9408776Z npm WARN EBADENGINE   current: { node: 'v18.20.2', npm: '10.5.0' }
UNKNOWN STEP	2026-09-20T03:45:23.9409147Z npm WARN EBADENGINE }
UNKNOWN STEP	2026-09-20T03:45:23.9411117Z npm WARN EBADENGINE Unsupported engine {
UNKNOWN STEP	2026-09-20T03:45:23.9412054Z npm WARN EBADENGINE   package: 'eslint-visitor-keys@5.0.1',
UNKNOWN STEP	2026-09-20T03:45:23.9412914Z npm WARN EBADENGINE   required: { node: '^20.19.0 || ^22.13.0 || >=24' },
UNKNOWN STEP	2026-09-20T03:45:23.9413446Z npm WARN EBADENGINE   current: { node: 'v18.20.2', npm: '10.5.0' }
UNKNOWN STEP	2026-09-20T03:45:23.9413818Z npm WARN EBADENGINE }
UNKNOWN STEP	2026-09-20T03:45:23.9416031Z npm WARN EBADENGINE Unsupported engine {
UNKNOWN STEP	2026-09-20T03:45:23.9416766Z npm WARN EBADENGINE   package: 'eslint-visitor-keys@5.0.1',
UNKNOWN STEP	2026-09-20T03:45:23.9417555Z npm WARN EBADENGINE   required: { node: '^20.19.0 || ^22.13.0 || >=24' },
UNKNOWN STEP	2026-09-20T03:45:23.9418373Z npm WARN EBADENGINE   current: { node: 'v18.20.2', npm: '10.5.0' }
UNKNOWN STEP	2026-09-20T03:45:23.9418778Z npm WARN EBADENGINE }
UNKNOWN STEP	2026-09-20T03:45:23.9449038Z npm WARN EBADENGINE Unsupported engine {
UNKNOWN STEP	2026-09-20T03:45:23.9449985Z npm WARN EBADENGINE   package: 'iceberg-js@0.8.1',
UNKNOWN STEP	2026-09-20T03:45:23.9450934Z npm WARN EBADENGINE   required: { node: '>=20.0.0' },
UNKNOWN STEP	2026-09-20T03:45:23.9452171Z npm WARN EBADENGINE   current: { node: 'v18.20.2', npm: '10.5.0' }
UNKNOWN STEP	2026-09-20T03:45:23.9452983Z npm WARN EBADENGINE }
UNKNOWN STEP	2026-09-20T03:45:23.9484425Z npm WARN EBADENGINE Unsupported engine {
UNKNOWN STEP	2026-09-20T03:45:23.9485225Z npm WARN EBADENGINE   package: 'ora@9.4.0',
UNKNOWN STEP	2026-09-20T03:45:23.9486002Z npm WARN EBADENGINE   required: { node: '>=20' },
UNKNOWN STEP	2026-09-20T03:45:23.9486980Z npm WARN EBADENGINE   current: { node: 'v18.20.2', npm: '10.5.0' }
UNKNOWN STEP	2026-09-20T03:45:23.9487679Z npm WARN EBADENGINE }
UNKNOWN STEP	2026-09-20T03:45:23.9490318Z npm WARN EBADENGINE Unsupported engine {
UNKNOWN STEP	2026-09-20T03:45:23.9491179Z npm WARN EBADENGINE   package: 'string-width@8.2.1',
UNKNOWN STEP	2026-09-20T03:45:23.9492267Z npm WARN EBADENGINE   required: { node: '>=20' },
UNKNOWN STEP	2026-09-20T03:45:23.9493131Z npm WARN EBADENGINE   current: { node: 'v18.20.2', npm: '10.5.0' }
UNKNOWN STEP	2026-09-20T03:45:23.9493835Z npm WARN EBADENGINE }
UNKNOWN STEP	2026-09-20T03:45:23.9506203Z npm WARN EBADENGINE Unsupported engine {
UNKNOWN STEP	2026-09-20T03:45:23.9507501Z npm WARN EBADENGINE   package: 'react-router@7.15.0',
UNKNOWN STEP	2026-09-20T03:45:23.9508343Z npm WARN EBADENGINE   required: { node: '>=20.0.0' },
UNKNOWN STEP	2026-09-20T03:45:23.9509220Z npm WARN EBADENGINE   current: { node: 'v18.20.2', npm: '10.5.0' }
UNKNOWN STEP	2026-09-20T03:45:23.9509942Z npm WARN EBADENGINE }
UNKNOWN STEP	2026-09-20T03:45:23.9510555Z npm WARN EBADENGINE Unsupported engine {
UNKNOWN STEP	2026-09-20T03:45:23.9511699Z npm WARN EBADENGINE   package: 'react-router-dom@7.15.0',
UNKNOWN STEP	2026-09-20T03:45:23.9512551Z npm WARN EBADENGINE   required: { node: '>=20.0.0' },
UNKNOWN STEP	2026-09-20T03:45:23.9513433Z npm WARN EBADENGINE   current: { node: 'v18.20.2', npm: '10.5.0' }
UNKNOWN STEP	2026-09-20T03:45:23.9514140Z npm WARN EBADENGINE }
UNKNOWN STEP	2026-09-20T03:45:23.9514716Z npm WARN EBADENGINE Unsupported engine {
UNKNOWN STEP	2026-09-20T03:45:23.9515470Z npm WARN EBADENGINE   package: 'commander@14.0.3',
UNKNOWN STEP	2026-09-20T03:45:23.9516231Z npm WARN EBADENGINE   required: { node: '>=20' },
UNKNOWN STEP	2026-09-20T03:45:23.9517056Z npm WARN EBADENGINE   current: { node: 'v18.20.2', npm: '10.5.0' }
UNKNOWN STEP	2026-09-20T03:45:23.9517750Z npm WARN EBADENGINE }
UNKNOWN STEP	2026-09-20T03:45:29.1087055Z npm WARN deprecated inflight@1.0.6: This module is not supported, and leaks memory. Do not use it. Check out lru-cache if you want a good and tested way to coalesce async requests by a key value, which is much more comprehensive and powerful.
UNKNOWN STEP	2026-09-20T03:45:29.2163624Z npm WARN deprecated stable@0.1.8: Modern JS already guarantees Array#sort() is a stable sort, so this library is deprecated. See the compatibility table on MDN: https://developer.mozilla.org/en-US/docs/Web/JavaScript/Reference/Global_Objects/Array/sort#browser_compatibility
UNKNOWN STEP	2026-09-20T03:45:29.3167792Z npm WARN deprecated @babel/plugin-proposal-private-methods@7.18.6: This proposal has been merged to the ECMAScript standard and thus this plugin is no longer maintained. Please use @babel/plugin-transform-private-methods instead.
UNKNOWN STEP	2026-09-20T03:45:29.3171858Z npm WARN deprecated @babel/plugin-proposal-numeric-separator@7.18.6: This proposal has been merged to the ECMAScript standard and thus this plugin is no longer maintained. Please use @babel/plugin-transform-numeric-separator instead.
UNKNOWN STEP	2026-09-20T03:45:29.3175263Z npm WARN deprecated @babel/plugin-proposal-nullish-coalescing-operator@7.18.6: This proposal has been merged to the ECMAScript standard and thus this plugin is no longer maintained. Please use @babel/plugin-transform-nullish-coalescing-operator instead.
UNKNOWN STEP	2026-09-20T03:45:29.3178346Z npm WARN deprecated @babel/plugin-proposal-class-properties@7.18.6: This proposal has been merged to the ECMAScript standard and thus this plugin is no longer maintained. Please use @babel/plugin-transform-class-properties instead.
UNKNOWN STEP	2026-09-20T03:45:29.4904599Z npm WARN deprecated rollup-plugin-terser@7.0.2: This package has been deprecated and is no longer maintained. Please use @rollup/plugin-terser
UNKNOWN STEP	2026-09-20T03:45:29.6092336Z npm WARN deprecated @humanwhocodes/config-array@0.13.0: Use @eslint/config-array instead
UNKNOWN STEP	2026-09-20T03:45:29.6352044Z npm WARN deprecated whatwg-encoding@1.0.5: Use @exodus/bytes instead for a more spec-conformant and faster implementation
UNKNOWN STEP	2026-09-20T03:45:29.6478399Z npm WARN deprecated rimraf@3.0.2: Rimraf versions prior to v4 are no longer supported
UNKNOWN STEP	2026-09-20T03:45:29.6975845Z npm WARN deprecated abab@2.0.6: Use your platform's native atob() and btoa() methods instead
UNKNOWN STEP	2026-09-20T03:45:29.7153718Z npm WARN deprecated @babel/plugin-proposal-optional-chaining@7.21.0: This proposal has been merged to the ECMAScript standard and thus this plugin is no longer maintained. Please use @babel/plugin-transform-optional-chaining instead.
UNKNOWN STEP	2026-09-20T03:45:29.7157709Z npm WARN deprecated @babel/plugin-proposal-private-property-in-object@7.21.11: This proposal has been merged to the ECMAScript standard and thus this plugin is no longer maintained. Please use @babel/plugin-transform-private-property-in-object instead.
UNKNOWN STEP	2026-09-20T03:45:29.9328412Z npm WARN deprecated glob@7.2.3: Old versions of glob are not supported, and contain widely publicized security vulnerabilities, which have been fixed in the current version. Please update. Support for old versions may be purchased (at exorbitant rates) by contacting i@izs.me
UNKNOWN STEP	2026-09-20T03:45:29.9557877Z npm WARN deprecated @humanwhocodes/object-schema@2.0.3: Use @eslint/object-schema instead
UNKNOWN STEP	2026-09-20T03:45:30.0085696Z npm WARN deprecated domexception@2.0.1: Use your platform's native DOMException instead
UNKNOWN STEP	2026-09-20T03:45:30.0487806Z npm WARN deprecated w3c-hr-time@1.0.2: Use your platform's native performance.now() and performance.timeOrigin.
UNKNOWN STEP	2026-09-20T03:45:30.1246774Z npm WARN deprecated q@1.5.1: You or someone you depend on is using Q, the JavaScript Promise library that gave JavaScript developers strong feelings about promises. They can almost certainly migrate to the native JavaScript promise now. Thank you literally everyone for joining me in this bet against the odds. Be excellent to each other.
UNKNOWN STEP	2026-09-20T03:45:30.1249126Z npm WARN deprecated 
UNKNOWN STEP	2026-09-20T03:45:30.1250062Z npm WARN deprecated (For a CapTP with native promises, see @endo/eventual-send and @endo/captp)
UNKNOWN STEP	2026-09-20T03:45:30.1792577Z npm WARN deprecated sourcemap-codec@1.4.8: Please use @jridgewell/sourcemap-codec instead
UNKNOWN STEP	2026-09-20T03:45:31.0153111Z npm WARN deprecated workbox-cacheable-response@6.6.0: workbox-background-sync@6.6.0
UNKNOWN STEP	2026-09-20T03:45:31.1529916Z npm WARN deprecated source-map@0.8.0-beta.0: The work that was done in this beta branch won't be included in future versions
UNKNOWN STEP	2026-09-20T03:45:31.1595951Z npm WARN deprecated workbox-google-analytics@6.6.0: It is not compatible with newer versions of GA starting with v4, as long as you are using GAv3 it should be ok, but the package is not longer being maintained
UNKNOWN STEP	2026-09-20T03:45:32.2811997Z npm WARN deprecated uuid@8.3.2: uuid@10 and below is no longer supported.  For ESM codebases, update to uuid@latest.  For CommonJS codebases, use uuid@11 (but be aware this version will likely be deprecated in 2028).
UNKNOWN STEP	2026-09-20T03:45:32.5366559Z npm WARN deprecated svgo@1.3.2: This SVGO version is no longer supported. Upgrade to v2.x.x.
UNKNOWN STEP	2026-09-20T03:45:35.8310150Z npm WARN deprecated eslint@8.57.1: This version is no longer supported. Please see https://eslint.org/version-support for other options.
UNKNOWN STEP	2026-09-20T03:45:42.8645936Z 
UNKNOWN STEP	2026-09-20T03:45:42.8646781Z added 1714 packages, and audited 1715 packages in 20s
UNKNOWN STEP	2026-09-20T03:45:42.8647347Z 
UNKNOWN STEP	2026-09-20T03:45:42.8647691Z 320 packages are looking for funding
UNKNOWN STEP	2026-09-20T03:45:42.8648424Z   run `npm fund` for details
UNKNOWN STEP	2026-09-20T03:45:42.9309996Z 
UNKNOWN STEP	2026-09-20T03:45:42.9310933Z 54 vulnerabilities (14 low, 12 moderate, 24 high, 4 critical)
UNKNOWN STEP	2026-09-20T03:45:42.9311775Z 
UNKNOWN STEP	2026-09-20T03:45:42.9312210Z To address issues that do not require attention, run:
UNKNOWN STEP	2026-09-20T03:45:42.9312863Z   npm audit fix
UNKNOWN STEP	2026-09-20T03:45:42.9313107Z 
UNKNOWN STEP	2026-09-20T03:45:42.9313953Z To address all issues (including breaking changes), run:
UNKNOWN STEP	2026-09-20T03:45:42.9314747Z   npm audit fix --force
UNKNOWN STEP	2026-09-20T03:45:42.9315066Z 
UNKNOWN STEP	2026-09-20T03:45:42.9315335Z Run `npm audit` for details.
UNKNOWN STEP	2026-09-20T03:45:43.0256173Z ##[group]Run set -o pipefail
UNKNOWN STEP	2026-09-20T03:45:43.0256526Z ^[[36;1mset -o pipefail^[[0m
UNKNOWN STEP	2026-09-20T03:45:43.0256855Z ^[[36;1mCI=true npx react-scripts test --watchAll=false \^[[0m
UNKNOWN STEP	2026-09-20T03:45:43.0257381Z ^[[36;1m  --testPathPattern="marine-card-matrix-closure|forecast-card-swell-vs-surf" \^[[0m
UNKNOWN STEP	2026-09-20T03:45:43.0257885Z ^[[36;1m  --json --outputFile=guard-results.json^[[0m
UNKNOWN STEP	2026-09-20T03:45:43.0295973Z shell: /usr/bin/bash -e {0}
UNKNOWN STEP	2026-09-20T03:45:43.0296244Z ##[endgroup]
UNKNOWN STEP	2026-09-20T03:45:46.5943556Z PASS src/tests/forecast-card-swell-vs-surf.test.js
UNKNOWN STEP	2026-09-20T03:45:46.7068261Z PASS src/tests/marine-card-matrix-closure.test.js
UNKNOWN STEP	2026-09-20T03:45:46.7342400Z 
UNKNOWN STEP	2026-09-20T03:45:46.7348910Z Test Suites: 2 passed, 2 total
UNKNOWN STEP	2026-09-20T03:45:46.7349561Z Tests:       48 passed, 48 total
UNKNOWN STEP	2026-09-20T03:45:46.7350082Z Snapshots:   0 total
UNKNOWN STEP	2026-09-20T03:45:46.7350491Z Time:        2.384 s
UNKNOWN STEP	2026-09-20T03:45:46.7352166Z Ran all test suites matching /marine-card-matrix-closure|forecast-card-swell-vs-surf/i.
UNKNOWN STEP	2026-09-20T03:45:46.7364532Z Test results written to: guard-results.json
UNKNOWN STEP	2026-09-20T03:45:46.7939742Z ##[group]Run node - <<'JS'
UNKNOWN STEP	2026-09-20T03:45:46.7940073Z ^[[36;1mnode - <<'JS'^[[0m
UNKNOWN STEP	2026-09-20T03:45:46.7940319Z ^[[36;1mconst fs = require('fs');^[[0m
UNKNOWN STEP	2026-09-20T03:45:46.7940601Z ^[[36;1mconst path = require('path');^[[0m
UNKNOWN STEP	2026-09-20T03:45:46.7941062Z ^[[36;1m// Floors are shrink-only. Raise them when guards are added; lowering one is a deliberate^[[0m
UNKNOWN STEP	2026-09-20T03:45:46.7941985Z ^[[36;1m// act that should appear in a diff. Measured 2026-08-01 on a quiet tree at this SHA:^[[0m
UNKNOWN STEP	2026-09-20T03:45:46.7942610Z ^[[36;1m//   marine-card-matrix-closure.test.js   29 tests   (14 at 1a-0, +4 at 1a-1, +11 at 1a-2)^[[0m
UNKNOWN STEP	2026-09-20T03:45:46.7943132Z ^[[36;1m//   forecast-card-swell-vs-surf.test.js  19 tests^[[0m
UNKNOWN STEP	2026-09-20T03:45:46.7943609Z ^[[36;1m//   => 2 suites / 48 tests. MIN_SUITES is EXACT so any drop is red, not quietly narrower.^[[0m
UNKNOWN STEP	2026-09-20T03:45:46.7944211Z ^[[36;1m// ⬆ 33 -> 37 (1a-1: the #22 bare-'Height' ban, TOTAL-vs-TRAIN, the (est.) disclosure pair)^[[0m
UNKNOWN STEP	2026-09-20T03:45:46.7944852Z ^[[36;1m// ⬆ 37 -> 48 (1a-2: the derived energy coefficient, the band ladder, coarsen-don't-hide,^[[0m
UNKNOWN STEP	2026-09-20T03:45:46.7945477Z ^[[36;1m//             magnitude-based precision, and the live-fixture band-span anti-vacuity)^[[0m
UNKNOWN STEP	2026-09-20T03:45:46.7946016Z ^[[36;1m// Measured from the run each time, never incremented by hand.^[[0m
UNKNOWN STEP	2026-09-20T03:45:46.7946415Z ^[[36;1mconst MIN_SUITES = 2, MIN_TESTS = 48;^[[0m
UNKNOWN STEP	2026-09-20T03:45:46.7946698Z ^[[36;1mlet r;^[[0m
UNKNOWN STEP	2026-09-20T03:45:46.7947041Z ^[[36;1mtry { r = JSON.parse(fs.readFileSync('guard-results.json', 'utf8')); }^[[0m
UNKNOWN STEP	2026-09-20T03:45:46.7947661Z ^[[36;1mcatch (e) { console.error('✗ no guard-results.json — jest never wrote a result'); process.exit(1); }^[[0m
UNKNOWN STEP	2026-09-20T03:45:46.7948324Z ^[[36;1m// path.basename, NOT a regex — a `[\\/]` character class does not survive intact through^[[0m
UNKNOWN STEP	2026-09-20T03:45:46.7948942Z ^[[36;1m// the YAML block scalar + heredoc layers (verified: it arrived as `[\/]`), and a mangled^[[0m
UNKNOWN STEP	2026-09-20T03:45:46.7949570Z ^[[36;1m// escape in a step that is supposed to PROVE coverage is the wrong place to be clever.^[[0m
UNKNOWN STEP	2026-09-20T03:45:46.7950143Z ^[[36;1mconst files = r.testResults.map((t) => path.basename(t.name)).sort();^[[0m
UNKNOWN STEP	2026-09-20T03:45:46.7950912Z ^[[36;1mconsole.log(`suites ${r.numPassedTestSuites}/${r.numTotalTestSuites}  tests ${r.numPassedTests}/${r.numTotalTests}  failed ${r.numFailedTests}`);^[[0m
UNKNOWN STEP	2026-09-20T03:45:46.7951893Z ^[[36;1mfiles.forEach((f) => console.log(`  guard: ${f}`));^[[0m
UNKNOWN STEP	2026-09-20T03:45:46.7972866Z ^[[36;1mlet bad = false;^[[0m
UNKNOWN STEP	2026-09-20T03:45:46.7973807Z ^[[36;1mif (r.numTotalTestSuites < MIN_SUITES) { console.error(`✗ suites ${r.numTotalTestSuites} < floor ${MIN_SUITES}`); bad = true; }^[[0m
UNKNOWN STEP	2026-09-20T03:45:46.7974718Z ^[[36;1mif (r.numPassedTests < MIN_TESTS) { console.error(`✗ passed ${r.numPassedTests} < floor ${MIN_TESTS}`); bad = true; }^[[0m
UNKNOWN STEP	2026-09-20T03:45:46.7975465Z ^[[36;1mif (r.numFailedTests > 0) { console.error(`✗ ${r.numFailedTests} failed`); bad = true; }^[[0m
UNKNOWN STEP	2026-09-20T03:45:46.7975953Z ^[[36;1mprocess.exit(bad ? 1 : 0);^[[0m
UNKNOWN STEP	2026-09-20T03:45:46.7976221Z ^[[36;1mJS^[[0m
UNKNOWN STEP	2026-09-20T03:45:46.8012952Z shell: /usr/bin/bash -e {0}
UNKNOWN STEP	2026-09-20T03:45:46.8013219Z ##[endgroup]
UNKNOWN STEP	2026-09-20T03:45:46.8348753Z suites 2/2  tests 48/48  failed 0
UNKNOWN STEP	2026-09-20T03:45:46.8351180Z   guard: forecast-card-swell-vs-surf.test.js
UNKNOWN STEP	2026-09-20T03:45:46.8352365Z   guard: marine-card-matrix-closure.test.js
UNKNOWN STEP	2026-09-20T03:45:46.8470612Z Post job cleanup.
UNKNOWN STEP	2026-09-20T03:45:46.9709934Z (node:2457) [DEP0040] DeprecationWarning: The `punycode` module is deprecated. Please use a userland alternative instead.
UNKNOWN STEP	2026-09-20T03:45:46.9710916Z (Use `node --trace-deprecation ...` to show where the warning was created)
UNKNOWN STEP	2026-09-20T03:45:46.9714001Z Cache hit occurred on the primary key node-cache-Linux-x64-npm-795e1029cbf2a200e93a2fe94700929de46e4d56aef910dcf09f19859a52f1a7, not saving cache.
UNKNOWN STEP	2026-09-20T03:45:46.9865127Z Post job cleanup.
UNKNOWN STEP	2026-09-20T03:45:47.0823946Z [command]/usr/bin/git version
UNKNOWN STEP	2026-09-20T03:45:47.0869524Z git version 2.55.0
UNKNOWN STEP	2026-09-20T03:45:47.0922127Z Temporarily overriding HOME='/home/runner/work/_temp/b31695a6-a618-473b-9630-076cf84d7c68' before making global git config changes
UNKNOWN STEP	2026-09-20T03:45:47.0923343Z Adding repository directory to the temporary git global config as a safe directory
UNKNOWN STEP	2026-09-20T03:45:47.0924419Z [command]/usr/bin/git config --global --add safe.directory /home/runner/work/Raw-Surf-Antigravity/Raw-Surf-Antigravity
UNKNOWN STEP	2026-09-20T03:45:47.0964955Z [command]/usr/bin/git config --local --name-only --get-regexp core\.sshCommand
UNKNOWN STEP	2026-09-20T03:45:47.1010405Z [command]/usr/bin/git submodule foreach --recursive sh -c "git config --local --name-only --get-regexp 'core\.sshCommand' && git config --local --unset-all 'core.sshCommand' || :"
UNKNOWN STEP	2026-09-20T03:45:47.1256974Z [command]/usr/bin/git config --local --name-only --get-regexp http\.https\:\/\/github\.com\/\.extraheader
UNKNOWN STEP	2026-09-20T03:45:47.1286578Z http.https://github.com/.extraheader
UNKNOWN STEP	2026-09-20T03:45:47.1300865Z [command]/usr/bin/git config --local --unset-all http.https://github.com/.extraheader
UNKNOWN STEP	2026-09-20T03:45:47.1339983Z [command]/usr/bin/git submodule foreach --recursive sh -c "git config --local --name-only --get-regexp 'http\.https\:\/\/github\.com\/\.extraheader' && git config --local --unset-all 'http.https://github.com/.extraheader' || :"
UNKNOWN STEP	2026-09-20T03:45:47.1638708Z [command]/usr/bin/git config --local --name-only --get-regexp ^includeIf\.gitdir:
UNKNOWN STEP	2026-09-20T03:45:47.1682701Z [command]/usr/bin/git submodule foreach --recursive git config --local --show-origin --name-only --get-regexp remote.origin.url
UNKNOWN STEP	2026-09-20T03:45:47.2217708Z Cleaning up orphan processes
