FAIL src/tests/om-metadata-provenance.test.js
  √ cold metadata demands share and await the provider request before replacing bootstrap axes (47 ms)
  × the actual decoder never caches guessed run/time paths while a cold provider manifest is pending (18 ms)
  × a verified warm manifest reaches the decoder verbatim without fetching or adding UI aliases (11 ms)
  √ rejects unfinished run without promoting bootstrap metadata or suppressing a later retry (7 ms)
  √ rejects missing completion proof without promoting bootstrap metadata or suppressing a later retry (6 ms)
  √ rejects invalid reference time without promoting bootstrap metadata or suppressing a later retry (6 ms)
  √ rejects empty time axis without promoting bootstrap metadata or suppressing a later retry (7 ms)
  √ rejects invalid valid time without promoting bootstrap metadata or suppressing a later retry (6 ms)
  √ rejects missing variables without promoting bootstrap metadata or suppressing a later retry (6 ms)
  × failed metadata transport cannot become fabricated success in the actual decoder (7 ms)
  √ healthy live metadata remains a deduplicated warm-cache hit (6 ms)

  ● the actual decoder never caches guessed run/time paths while a cold provider manifest is pending

    expect(received).toBe(expected) // Object.is equality

    Expected: false
    Received: true

      112 |   const cachedUrl = await normalizeUrl(TILE_URL);
      113 |
    > 114 |   expect(decodedBeforeProvider).toBe(false);
          |                                 ^
      115 |   expect(firstUrl).toContain('/2026/09/20/1200Z/2026-09-20T1300.om');
      116 |   expect(cachedUrl).toBe(firstUrl);
      117 |   expect(cachedUrl).toContain('webgl_fallback=true');

      at Object.<anonymous> (src/tests/om-metadata-provenance.test.js:114:33)

  ● a verified warm manifest reaches the decoder verbatim without fetching or adding UI aliases

    expect(received).toEqual(expected) // deep equality

    - Expected  - 5
    + Received  + 3

      Object {
        "completed": true,
    -   "crs_wkt": "provider CRS",
    -   "last_modified_time": "2026-09-20T16:00:00Z",
    -   "provider_extension": Object {
    -     "revision": 42,
    -   },
    +   "crs_wkt": "",
    +   "last_modified_time": "2026-09-20T16:23:41.071Z",
        "reference_time": "2026-09-20T12:00:00Z",
        "valid_times": Array [
          "2026-09-20T12:00:00Z",
          "2026-09-20T13:00:00Z",
        ],
        "variables": Array [
          "wave_height",
          "wind_u_component_10m",
          "wind_v_component_10m",
    +     "wind_speed_10m",
        ],
      }

      131 |
      132 |   expect(cache[MODEL].variables).toContain('wind_speed_10m');
    > 133 |   expect(decoderManifest).toEqual(provider);
          |                           ^
      134 |   expect(decoderManifest.variables).not.toContain('wind_speed_10m');
      135 |   expect(decoded).toContain('/2026/09/20/1200Z/2026-09-20T1300.om');
      136 |   expect(transport).toHaveBeenCalledTimes(before);

      at Object.<anonymous> (src/tests/om-metadata-provenance.test.js:133:27)

  ● failed metadata transport cannot become fabricated success in the actual decoder

    expect(received).rejects.toThrow()

    Received promise resolved instead of rejected
    Resolved to value: "om://https://map-tiles.open-meteo.com/data_spatial/ncep_gfswave025/2026/09/20/0600Z/2026-09-20T0700.om?variable=wave_height&webgl_fallback=true"

      175 |   expect(api.LIVE_FETCHED_MODELS.has(MODEL)).toBe(false);
      176 |   expect(cache[MODEL]).toEqual(bootstrap());
    > 177 |   await expect(normalizeUrl(TILE_URL)).rejects.toThrow('provider unavailable');
          |         ^
      178 | });
      179 |
      180 | test('healthy live metadata remains a deduplicated warm-cache hit', async () => {

      at expect (../../../../../Raw-Surf/frontend/node_modules/expect/build/index.js:178:15)
      at Object.<anonymous> (src/tests/om-metadata-provenance.test.js:177:9)

Test Suites: 1 failed, 1 total
Tests:       3 failed, 8 passed, 11 total
Snapshots:   0 total
Time:        1.192 s, estimated 2 s
Ran all test suites matching /om-metadata-provenance.test.js/i.
