...FFFFF......FF.                                                        [100%]
================================== FAILURES ===================================
_____ test_fixed_span_crosses_edge_without_resolution_collapse[-78.9999] ______

monkeypatch = <_pytest.monkeypatch.MonkeyPatch object at 0x000002654CDCAE00>
east = -78.9999

    @pytest.mark.parametrize("east", [-79.01, -79.0001, -79, -78.9999, -78.97, -78.8, -78.5])
    def test_fixed_span_crosses_edge_without_resolution_collapse(monkeypatch, east):
        bbox = f"{east - 2.96},26.5,{east},29.2"
        result = resolve(monkeypatch, bbox)
>       assert result.product_id == "florida.json"
E       AssertionError: assert 'global_mid.json' == 'florida.json'
E         
E         - florida.json
E         + global_mid.json

tests\test_regional_edge_selection.py:97: AssertionError
______ test_fixed_span_crosses_edge_without_resolution_collapse[-78.97] _______

monkeypatch = <_pytest.monkeypatch.MonkeyPatch object at 0x000002654CDCAF10>
east = -78.97

    @pytest.mark.parametrize("east", [-79.01, -79.0001, -79, -78.9999, -78.97, -78.8, -78.5])
    def test_fixed_span_crosses_edge_without_resolution_collapse(monkeypatch, east):
        bbox = f"{east - 2.96},26.5,{east},29.2"
        result = resolve(monkeypatch, bbox)
>       assert result.product_id == "florida.json"
E       AssertionError: assert 'global_mid.json' == 'florida.json'
E         
E         - florida.json
E         + global_mid.json

tests\test_regional_edge_selection.py:97: AssertionError
_______ test_fixed_span_crosses_edge_without_resolution_collapse[-78.8] _______

monkeypatch = <_pytest.monkeypatch.MonkeyPatch object at 0x000002654CD7CD50>
east = -78.8

    @pytest.mark.parametrize("east", [-79.01, -79.0001, -79, -78.9999, -78.97, -78.8, -78.5])
    def test_fixed_span_crosses_edge_without_resolution_collapse(monkeypatch, east):
        bbox = f"{east - 2.96},26.5,{east},29.2"
        result = resolve(monkeypatch, bbox)
>       assert result.product_id == "florida.json"
E       AssertionError: assert 'global_mid.json' == 'florida.json'
E         
E         - florida.json
E         + global_mid.json

tests\test_regional_edge_selection.py:97: AssertionError
_______ test_fixed_span_crosses_edge_without_resolution_collapse[-78.5] _______

monkeypatch = <_pytest.monkeypatch.MonkeyPatch object at 0x000002654CD7DD50>
east = -78.5

    @pytest.mark.parametrize("east", [-79.01, -79.0001, -79, -78.9999, -78.97, -78.8, -78.5])
    def test_fixed_span_crosses_edge_without_resolution_collapse(monkeypatch, east):
        bbox = f"{east - 2.96},26.5,{east},29.2"
        result = resolve(monkeypatch, bbox)
>       assert result.product_id == "florida.json"
E       AssertionError: assert 'global_mid.json' == 'florida.json'
E         
E         - florida.json
E         + global_mid.json

tests\test_regional_edge_selection.py:97: AssertionError
______ test_sebastian_audit_longitudes_queue_full_viewport_revalidation _______

monkeypatch = <_pytest.monkeypatch.MonkeyPatch object at 0x000002654CE1BE30>

    def test_sebastian_audit_longitudes_queue_full_viewport_revalidation(monkeypatch):
        # Audit gives longitudes only; controlled latitude is deliberately stated, not invented UI evidence.
        bbox = "-81.93,26.5,-78.97,29.2"
        tasks, viewport = Tasks(), Viewport()
        result = resolve(monkeypatch, bbox, viewport=viewport, tasks=tasks)
>       assert result.product_id == "florida.json"
E       AssertionError: assert 'global_mid.json' == 'florida.json'
E         
E         - florida.json
E         + global_mid.json

tests\test_regional_edge_selection.py:115: AssertionError
__________ test_disabled_dynamic_does_not_claim_pending_revalidation __________

monkeypatch = <_pytest.monkeypatch.MonkeyPatch object at 0x000002654CF6CE10>

    def test_disabled_dynamic_does_not_claim_pending_revalidation(monkeypatch):
        tasks = Tasks()
        result = resolve(monkeypatch, "-81.93,26.5,-78.97,29.2", viewport=Viewport(enabled=False), tasks=tasks)
>       assert result.product_id == "florida.json"
E       AssertionError: assert 'global_mid.json' == 'florida.json'
E         
E         - florida.json
E         + global_mid.json

tests\test_regional_edge_selection.py:149: AssertionError
____________________ test_revalidation_queue_cap_preserved ____________________

monkeypatch = <_pytest.monkeypatch.MonkeyPatch object at 0x000002654CF6E570>

    def test_revalidation_queue_cap_preserved(monkeypatch):
        viewport, tasks = Viewport(), Tasks()
        viewport.ACTIVE_REVALIDATIONS.update({"existing-1", "existing-2"})
        result = resolve(monkeypatch, "-81.93,26.5,-78.97,29.2", viewport=viewport, tasks=tasks)
>       assert result.product_id == "florida.json"
E       AssertionError: assert 'global_mid.json' == 'florida.json'
E         
E         - florida.json
E         + global_mid.json

tests\test_regional_edge_selection.py:159: AssertionError
ENVIRONMENT IS NOT THE DECLARED ONE: python 3.14 != declared 3.12; 28 of 46 pins differ; 7 declared packages absent; not in a virtualenv
  => a result from this interpreter is evidence about THIS environment, not about CI or production. Detail: python scripts/check_env_parity.py --verbose
=========================== short test summary info ===========================
FAILED tests/test_regional_edge_selection.py::test_fixed_span_crosses_edge_without_resolution_collapse[-78.9999]
FAILED tests/test_regional_edge_selection.py::test_fixed_span_crosses_edge_without_resolution_collapse[-78.97]
FAILED tests/test_regional_edge_selection.py::test_fixed_span_crosses_edge_without_resolution_collapse[-78.8]
FAILED tests/test_regional_edge_selection.py::test_fixed_span_crosses_edge_without_resolution_collapse[-78.5]
FAILED tests/test_regional_edge_selection.py::test_sebastian_audit_longitudes_queue_full_viewport_revalidation
FAILED tests/test_regional_edge_selection.py::test_disabled_dynamic_does_not_claim_pending_revalidation
FAILED tests/test_regional_edge_selection.py::test_revalidation_queue_cap_preserved
7 failed, 10 passed in 2.17s
