  console.log
    [SCRUB] [BACKEND CACHE] Instant re-index: +0h model=GFS layer=waves

      at src/components/map/useMarineOrchestratorScrubCache.js:166:21

FAIL src/components/map/useMarineOrchestratorScrubCache.timeline.test.js
  √ reset commits the actual current series identity and leaves the single time owner at zero (34 ms)
  √ a current-hour cache miss retains the old selected time but cannot retain green temporal coverage (3 ms)
  √ A to B to A cache transitions publish the selected identity on every commit without a fetch (2 ms)
  × a stale cache writer cannot overwrite the requested hour before the stale hit is rejected (5 ms)

  ● a stale cache writer cannot overwrite the requested hour before the stale hit is rejected

    expect(received).toMatchObject(expected)

    - Expected  - 3
    + Received  + 3

      Object {
    -   "coverage_status": "stale_time_mismatch",
    -   "requestedValidTime": "2026-09-20T21:00:00Z",
    +   "coverage_status": "full_coverage",
    +   "requestedValidTime": "2026-09-21T00:00:00Z",
        "selectedValidTime": "2026-09-21T00:00:00Z",
    -   "timeOffsetHours": 0,
    +   "timeOffsetHours": 3,
      }

      103 |   expect(args.setMarineData).not.toHaveBeenCalled();
      104 |   expect(args.enqueueMarineUpdate).toHaveBeenCalledWith('timeline_scrub_deferred');
    > 105 |   expect(window.__FORECAST_TIMELINE_COVERAGE_DIAG__).toMatchObject({
          |                                                      ^
      106 |     timeOffsetHours: 0, requestedValidTime: '2026-09-20T21:00:00Z', selectedValidTime: retainedTime,
      107 |     coverage_status: 'stale_time_mismatch',
      108 |   });

      at Object.<anonymous> (src/components/map/useMarineOrchestratorScrubCache.timeline.test.js:105:54)
      at TestScheduler.scheduleTests (../../../../../Raw-Surf/frontend/node_modules/@jest/core/build/TestScheduler.js:333:13)
      at runJest (../../../../../Raw-Surf/frontend/node_modules/@jest/core/build/runJest.js:404:19)
      at _run10000 (../../../../../Raw-Surf/frontend/node_modules/@jest/core/build/cli/index.js:320:7)
      at runCLI (../../../../../Raw-Surf/frontend/node_modules/@jest/core/build/cli/index.js:173:3)

Test Suites: 1 failed, 1 total
Tests:       1 failed, 3 passed, 4 total
Snapshots:   0 total
Time:        1.779 s
Ran all test suites within paths "src/components/map/useMarineOrchestratorScrubCache.timeline.test.js".
