PASS src/components/map/useMarineOrchestratorScrubCache.timeline.test.js (6.703 s)
  ● Console

    console.log
      [SCRUB] [BACKEND CACHE] Instant re-index: +0h model=GFS layer=waves

      at src/components/map/useMarineOrchestratorScrubCache.js:167:21

PASS src/components/map/backendWeatherServiceClient.test.js
  ● Console

    console.warn
      [Backend Weather Service] Wind grid is not renderable. mappedVectors=1, nonzeroCount=0

      110 |     const originalWarn = console.warn;
      111 |     console.warn = (...args) => {
    > 112 |       originalWarn.apply(console, args);
          |                    ^
      113 |       try {
      114 |         if (cannotMatch(args)) return;
      115 |         const msg = args.join(' ');

      at console.warn (src/components/map/WeatherTelemetry.js:112:20)
      at mapNormalizedWindGridToWebGL (src/components/map/backendWindServiceClient.js:49:13)
      at Object.<anonymous> (src/components/map/backendWeatherServiceClient.test.js:233:50)

    console.log
      [WEATHER_TRUTH] Stage: mappedGrid | TraceID: 3d71de20 | Product: undefined | Status: OK

      at console.log (src/components/map/WeatherTelemetry.js:144:19)

    console.warn
      [Backend Weather Service] Failed to fetch products manifest: signal is aborted without reason

      110 |     const originalWarn = console.warn;
      111 |     console.warn = (...args) => {
    > 112 |       originalWarn.apply(console, args);
          |                    ^
      113 |       try {
      114 |         if (cannotMatch(args)) return;
      115 |         const msg = args.join(' ');

      at console.warn (src/components/map/WeatherTelemetry.js:112:20)
      at src/components/map/backendWeatherServiceClient.js:51:15

    console.warn
      [Backend Weather Service] Failed to fetch products manifest: signal is aborted without reason

      110 |     const originalWarn = console.warn;
      111 |     console.warn = (...args) => {
    > 112 |       originalWarn.apply(console, args);
          |                    ^
      113 |       try {
      114 |         if (cannotMatch(args)) return;
      115 |         const msg = args.join(' ');

      at console.warn (src/components/map/WeatherTelemetry.js:112:20)
      at src/components/map/backendWeatherServiceClient.js:51:15

    console.log
      [Backend Weather Service] Point fetch aborted (expected during model/layer switch).

      at console.log (src/components/map/WeatherTelemetry.js:144:19)
          at async Promise.allSettled (index 0)

    console.warn
      [Backend Weather Service] Failed to fetch products manifest: signal is aborted without reason

      110 |     const originalWarn = console.warn;
      111 |     console.warn = (...args) => {
    > 112 |       originalWarn.apply(console, args);
          |                    ^
      113 |       try {
      114 |         if (cannotMatch(args)) return;
      115 |         const msg = args.join(' ');

      at console.warn (src/components/map/WeatherTelemetry.js:112:20)
      at src/components/map/backendWeatherServiceClient.js:51:15

    console.log
      [Backend Weather Service] Point fetch aborted (expected during model/layer switch).

      at console.log (src/components/map/WeatherTelemetry.js:144:19)
          at async Promise.allSettled (index 1)

    console.warn
      [Backend Weather Service] Failed to fetch products manifest: signal is aborted without reason

      110 |     const originalWarn = console.warn;
      111 |     console.warn = (...args) => {
    > 112 |       originalWarn.apply(console, args);
          |                    ^
      113 |       try {
      114 |         if (cannotMatch(args)) return;
      115 |         const msg = args.join(' ');

      at console.warn (src/components/map/WeatherTelemetry.js:112:20)
      at src/components/map/backendWeatherServiceClient.js:51:15

    console.warn
      [Backend Weather Service] Failed to fetch products manifest: signal is aborted without reason

      110 |     const originalWarn = console.warn;
      111 |     console.warn = (...args) => {
    > 112 |       originalWarn.apply(console, args);
          |                    ^
      113 |       try {
      114 |         if (cannotMatch(args)) return;
      115 |         const msg = args.join(' ');

      at console.warn (src/components/map/WeatherTelemetry.js:112:20)
      at src/components/map/backendWeatherServiceClient.js:51:15

    console.warn
      [Backend Weather Service] Failed to fetch products manifest: HTTP 500

      110 |     const originalWarn = console.warn;
      111 |     console.warn = (...args) => {
    > 112 |       originalWarn.apply(console, args);
          |                    ^
      113 |       try {
      114 |         if (cannotMatch(args)) return;
      115 |         const msg = args.join(' ');

      at console.warn (src/components/map/WeatherTelemetry.js:112:20)
      at src/components/map/backendWeatherServiceClient.js:51:15

    console.warn
      [Backend Weather Service] Failed to fetch products manifest: HTTP 500

      110 |     const originalWarn = console.warn;
      111 |     console.warn = (...args) => {
    > 112 |       originalWarn.apply(console, args);
          |                    ^
      113 |       try {
      114 |         if (cannotMatch(args)) return;
      115 |         const msg = args.join(' ');

      at console.warn (src/components/map/WeatherTelemetry.js:112:20)
      at src/components/map/backendWeatherServiceClient.js:51:15

    console.warn
      [Backend Weather Service] Failed to fetch products manifest: HTTP 500

      110 |     const originalWarn = console.warn;
      111 |     console.warn = (...args) => {
    > 112 |       originalWarn.apply(console, args);
          |                    ^
      113 |       try {
      114 |         if (cannotMatch(args)) return;
      115 |         const msg = args.join(' ');

      at console.warn (src/components/map/WeatherTelemetry.js:112:20)
      at src/components/map/backendWeatherServiceClient.js:51:15

    console.error
      [Backend Weather Service] Point fetch error: boom. Falling back cleanly to standard proxy pipeline.

      18 |   console.error = (...args) => {
      19 |     if (typeof args[0] === 'string' && args[0].includes('act(')) return;
    > 20 |     originalError.call(console, ...args);
         |                   ^
      21 |   };
      22 | });
      23 |

      at console.error (src/setupTests.js:20:19)
      at fetchBackendExactPoint (src/components/map/backendWeatherServiceClientPoint.js:702:15)
          at async Promise.allSettled (index 0)
      at fetchBackendExactPoint (src/components/map/backendWeatherServiceClientPoint.js:267:31)
      at Object.<anonymous> (src/components/map/backendWeatherServiceClient.test.js:319:19)

    console.error
      [Backend Weather Service] Point fetch error: boom. Falling back cleanly to standard proxy pipeline.

      18 |   console.error = (...args) => {
      19 |     if (typeof args[0] === 'string' && args[0].includes('act(')) return;
    > 20 |     originalError.call(console, ...args);
         |                   ^
      21 |   };
      22 | });
      23 |

      at console.error (src/setupTests.js:20:19)
      at fetchBackendExactPoint (src/components/map/backendWeatherServiceClientPoint.js:702:15)
          at async Promise.allSettled (index 1)
      at fetchBackendExactPoint (src/components/map/backendWeatherServiceClientPoint.js:267:31)
      at Object.<anonymous> (src/components/map/backendWeatherServiceClient.test.js:319:19)

    console.warn
      [Backend Weather Service] Failed to fetch products manifest: HTTP 500

      110 |     const originalWarn = console.warn;
      111 |     console.warn = (...args) => {
    > 112 |       originalWarn.apply(console, args);
          |                    ^
      113 |       try {
      114 |         if (cannotMatch(args)) return;
      115 |         const msg = args.join(' ');

      at console.warn (src/components/map/WeatherTelemetry.js:112:20)
      at src/components/map/backendWeatherServiceClient.js:51:15

    console.warn
      [Backend Weather Service] Failed to fetch products manifest: HTTP 500

      110 |     const originalWarn = console.warn;
      111 |     console.warn = (...args) => {
    > 112 |       originalWarn.apply(console, args);
          |                    ^
      113 |       try {
      114 |         if (cannotMatch(args)) return;
      115 |         const msg = args.join(' ');

      at console.warn (src/components/map/WeatherTelemetry.js:112:20)
      at src/components/map/backendWeatherServiceClient.js:51:15

    console.warn
      [Backend Weather Service] Failed to fetch products manifest: HTTP 500

      110 |     const originalWarn = console.warn;
      111 |     console.warn = (...args) => {
    > 112 |       originalWarn.apply(console, args);
          |                    ^
      113 |       try {
      114 |         if (cannotMatch(args)) return;
      115 |         const msg = args.join(' ');

      at console.warn (src/components/map/WeatherTelemetry.js:112:20)
      at src/components/map/backendWeatherServiceClient.js:51:15

PASS src/components/map/backendWeatherServiceClientDiag.test.js
PASS src/components/map/backendWeatherServiceClient.readOnly.test.js
PASS src/components/map/marineTimelineCoverage.test.js
------------------------------------|---------|----------|---------|---------|----------------------------------------------------------
File                                | % Stmts | % Branch | % Funcs | % Lines | Uncovered Line #s                                        
------------------------------------|---------|----------|---------|---------|----------------------------------------------------------
All files                           |   62.32 |    55.69 |      70 |   64.97 |                                                          
 backendWeatherServiceClient.js     |   39.34 |    22.84 |      45 |    43.6 | 75,88,95,107,114,127,134,145-162,173,180,234-237,272-675 
 backendWeatherServiceClientDiag.js |   89.14 |    75.56 |     100 |   90.79 | 121-123,154-158,164,181-184,189,254,368                  
 marineTimelineCoverage.js          |     100 |    93.27 |     100 |     100 | 9,23,51,58,69,81                                         
 useMarineOrchestratorScrubCache.js |   58.79 |    46.06 |      75 |   58.98 | 56,58,60,73,152-156,190,223,232-353                      
------------------------------------|---------|----------|---------|---------|----------------------------------------------------------

Test Suites: 5 passed, 5 total
Tests:       46 passed, 46 total
Snapshots:   0 total
Time:        13.298 s
Ran all test suites within paths "src/components/map/backendWeatherServiceClient.readOnly.test.js", "src/components/map/marineTimelineCoverage.test.js", "src/components/map/useMarineOrchestratorScrubCache.timeline.test.js", "src/components/map/backendWeatherServiceClientDiag.test.js", "src/components/map/backendWeatherServiceClient.test.js".
Jest did not exit one second after the test run has completed.

This usually means that there are asynchronous operations that weren't stopped in your tests. Consider running Jest with `--detectOpenHandles` to troubleshoot this issue.
