FAIL src/components/map/ForecastTimeStatus.test.js
  × shows a spoken time mismatch in light theme (35 ms)
  × shows a spoken time mismatch in dark theme (3 ms)
  × shows a spoken time mismatch in beach theme (2 ms)
  × clears the warning when the selected response catches up without another user action (2 ms)
  √ does not attribute an old model or layer diagnostic to the current selection (2 ms)
  × does not claim an unverified render diagnostic proves a stale field (2 ms)

  ● shows a spoken time mismatch in light theme

    TestingLibraryElementError: Unable to find an accessible element with the role "status"

    There are no accessible roles. But there might be some inaccessible roles. If you wish to access them, then set the `hidden` option to `true`. Learn more about this here: https://testing-library.com/docs/dom-testing-library/api-queries#byrole

    Ignored nodes: comments, script, style
    <body>
      <div />
    </body>

      19 | it.each(['light', 'dark', 'beach'])('shows a spoken time mismatch in %s theme', (theme) => {
      20 |   render(<ForecastTimeStatus model="GFS" layer="waves" hour={0} theme={theme} />);
    > 21 |   expect(screen.getByRole('status')).toHaveTextContent(/forecast time.*does not match/i);
         |                 ^
      22 |   expect(screen.getByRole('status')).toHaveAttribute('aria-live', 'polite');
      23 | });
      24 |

      at Object.getElementError (../../../../../Raw-Surf/frontend/node_modules/@testing-library/dom/dist/config.js:37:19)
      at ../../../../../Raw-Surf/frontend/node_modules/@testing-library/dom/dist/query-helpers.js:76:38
      at ../../../../../Raw-Surf/frontend/node_modules/@testing-library/dom/dist/query-helpers.js:52:17
      at getByRole (../../../../../Raw-Surf/frontend/node_modules/@testing-library/dom/dist/query-helpers.js:95:19)
      at src/components/map/ForecastTimeStatus.test.js:21:17
      at TestScheduler.scheduleTests (../../../../../Raw-Surf/frontend/node_modules/@jest/core/build/TestScheduler.js:333:13)
      at runJest (../../../../../Raw-Surf/frontend/node_modules/@jest/core/build/runJest.js:404:19)
      at _run10000 (../../../../../Raw-Surf/frontend/node_modules/@jest/core/build/cli/index.js:320:7)
      at runCLI (../../../../../Raw-Surf/frontend/node_modules/@jest/core/build/cli/index.js:173:3)

  ● shows a spoken time mismatch in dark theme

    TestingLibraryElementError: Unable to find an accessible element with the role "status"

    There are no accessible roles. But there might be some inaccessible roles. If you wish to access them, then set the `hidden` option to `true`. Learn more about this here: https://testing-library.com/docs/dom-testing-library/api-queries#byrole

    Ignored nodes: comments, script, style
    <body>
      <div />
    </body>

      19 | it.each(['light', 'dark', 'beach'])('shows a spoken time mismatch in %s theme', (theme) => {
      20 |   render(<ForecastTimeStatus model="GFS" layer="waves" hour={0} theme={theme} />);
    > 21 |   expect(screen.getByRole('status')).toHaveTextContent(/forecast time.*does not match/i);
         |                 ^
      22 |   expect(screen.getByRole('status')).toHaveAttribute('aria-live', 'polite');
      23 | });
      24 |

      at Object.getElementError (../../../../../Raw-Surf/frontend/node_modules/@testing-library/dom/dist/config.js:37:19)
      at ../../../../../Raw-Surf/frontend/node_modules/@testing-library/dom/dist/query-helpers.js:76:38
      at ../../../../../Raw-Surf/frontend/node_modules/@testing-library/dom/dist/query-helpers.js:52:17
      at getByRole (../../../../../Raw-Surf/frontend/node_modules/@testing-library/dom/dist/query-helpers.js:95:19)
      at src/components/map/ForecastTimeStatus.test.js:21:17
      at TestScheduler.scheduleTests (../../../../../Raw-Surf/frontend/node_modules/@jest/core/build/TestScheduler.js:333:13)
      at runJest (../../../../../Raw-Surf/frontend/node_modules/@jest/core/build/runJest.js:404:19)
      at _run10000 (../../../../../Raw-Surf/frontend/node_modules/@jest/core/build/cli/index.js:320:7)
      at runCLI (../../../../../Raw-Surf/frontend/node_modules/@jest/core/build/cli/index.js:173:3)

  ● shows a spoken time mismatch in beach theme

    TestingLibraryElementError: Unable to find an accessible element with the role "status"

    There are no accessible roles. But there might be some inaccessible roles. If you wish to access them, then set the `hidden` option to `true`. Learn more about this here: https://testing-library.com/docs/dom-testing-library/api-queries#byrole

    Ignored nodes: comments, script, style
    <body>
      <div />
    </body>

      19 | it.each(['light', 'dark', 'beach'])('shows a spoken time mismatch in %s theme', (theme) => {
      20 |   render(<ForecastTimeStatus model="GFS" layer="waves" hour={0} theme={theme} />);
    > 21 |   expect(screen.getByRole('status')).toHaveTextContent(/forecast time.*does not match/i);
         |                 ^
      22 |   expect(screen.getByRole('status')).toHaveAttribute('aria-live', 'polite');
      23 | });
      24 |

      at Object.getElementError (../../../../../Raw-Surf/frontend/node_modules/@testing-library/dom/dist/config.js:37:19)
      at ../../../../../Raw-Surf/frontend/node_modules/@testing-library/dom/dist/query-helpers.js:76:38
      at ../../../../../Raw-Surf/frontend/node_modules/@testing-library/dom/dist/query-helpers.js:52:17
      at getByRole (../../../../../Raw-Surf/frontend/node_modules/@testing-library/dom/dist/query-helpers.js:95:19)
      at src/components/map/ForecastTimeStatus.test.js:21:17
      at TestScheduler.scheduleTests (../../../../../Raw-Surf/frontend/node_modules/@jest/core/build/TestScheduler.js:333:13)
      at runJest (../../../../../Raw-Surf/frontend/node_modules/@jest/core/build/runJest.js:404:19)
      at _run10000 (../../../../../Raw-Surf/frontend/node_modules/@jest/core/build/cli/index.js:320:7)
      at runCLI (../../../../../Raw-Surf/frontend/node_modules/@jest/core/build/cli/index.js:173:3)

  ● clears the warning when the selected response catches up without another user action

    TestingLibraryElementError: Unable to find an accessible element with the role "status"

    There are no accessible roles. But there might be some inaccessible roles. If you wish to access them, then set the `hidden` option to `true`. Learn more about this here: https://testing-library.com/docs/dom-testing-library/api-queries#byrole

    Ignored nodes: comments, script, style
    <body>
      <div />
    </body>

      25 | it('clears the warning when the selected response catches up without another user action', () => {
      26 |   render(<ForecastTimeStatus model="GFS" layer="waves" hour={0} theme="dark" />);
    > 27 |   expect(screen.getByRole('status')).toBeInTheDocument();
         |                 ^
      28 |   window.__FORECAST_TIMELINE_COVERAGE_DIAG__.selectedValidTime = '2026-09-20T21:00:00Z';
      29 |   act(() => { jest.advanceTimersByTime(1000); });
      30 |   expect(screen.queryByRole('status')).not.toBeInTheDocument();

      at Object.getElementError (../../../../../Raw-Surf/frontend/node_modules/@testing-library/dom/dist/config.js:37:19)
      at ../../../../../Raw-Surf/frontend/node_modules/@testing-library/dom/dist/query-helpers.js:76:38
      at ../../../../../Raw-Surf/frontend/node_modules/@testing-library/dom/dist/query-helpers.js:52:17
      at getByRole (../../../../../Raw-Surf/frontend/node_modules/@testing-library/dom/dist/query-helpers.js:95:19)
      at Object.<anonymous> (src/components/map/ForecastTimeStatus.test.js:27:17)
      at TestScheduler.scheduleTests (../../../../../Raw-Surf/frontend/node_modules/@jest/core/build/TestScheduler.js:333:13)
      at runJest (../../../../../Raw-Surf/frontend/node_modules/@jest/core/build/runJest.js:404:19)
      at _run10000 (../../../../../Raw-Surf/frontend/node_modules/@jest/core/build/cli/index.js:320:7)
      at runCLI (../../../../../Raw-Surf/frontend/node_modules/@jest/core/build/cli/index.js:173:3)

  ● does not claim an unverified render diagnostic proves a stale field

    TestingLibraryElementError: Unable to find an accessible element with the role "status"

    There are no accessible roles. But there might be some inaccessible roles. If you wish to access them, then set the `hidden` option to `true`. Learn more about this here: https://testing-library.com/docs/dom-testing-library/api-queries#byrole

    Ignored nodes: comments, script, style
    <body>
      <div />
    </body>

      40 |   window.__MARINE_RENDER_HOUR_PARITY__ = { requestedHour: 0, renderedDataHour: 18, parity: false };
      41 |   render(<ForecastTimeStatus model="GFS" layer="waves" hour={0} theme="dark" />);
    > 42 |   expect(screen.getByRole('status')).toHaveTextContent(/verifying.*displayed forecast time/i);
         |                 ^
      43 |   expect(screen.getByRole('status')).not.toHaveTextContent(/does not match/i);
      44 | });
      45 |

      at Object.getElementError (../../../../../Raw-Surf/frontend/node_modules/@testing-library/dom/dist/config.js:37:19)
      at ../../../../../Raw-Surf/frontend/node_modules/@testing-library/dom/dist/query-helpers.js:76:38
      at ../../../../../Raw-Surf/frontend/node_modules/@testing-library/dom/dist/query-helpers.js:52:17
      at getByRole (../../../../../Raw-Surf/frontend/node_modules/@testing-library/dom/dist/query-helpers.js:95:19)
      at Object.<anonymous> (src/components/map/ForecastTimeStatus.test.js:42:17)
      at TestScheduler.scheduleTests (../../../../../Raw-Surf/frontend/node_modules/@jest/core/build/TestScheduler.js:333:13)
      at runJest (../../../../../Raw-Surf/frontend/node_modules/@jest/core/build/runJest.js:404:19)
      at _run10000 (../../../../../Raw-Surf/frontend/node_modules/@jest/core/build/cli/index.js:320:7)
      at runCLI (../../../../../Raw-Surf/frontend/node_modules/@jest/core/build/cli/index.js:173:3)

Test Suites: 1 failed, 1 total
Tests:       5 failed, 1 passed, 6 total
Snapshots:   0 total
Time:        1.826 s
Ran all test suites within paths "src/components/map/ForecastTimeStatus.test.js".
